Component: ARM Compiler 5.06 update 5 (build 528) Tool: armlink [4d35e2]

==============================================================================

Section Cross References

    pid.o(i.PID_Update) refers to fadd.o(.text) for __aeabi_fsub
    pid.o(i.PID_Update) refers to cfrcmple.o(.text) for __aeabi_cfrcmple
    pid.o(i.PID_Update) refers to cfcmple.o(.text) for __aeabi_cfcmple
    pid.o(i.PID_Update) refers to fmul.o(.text) for __aeabi_fmul
    user_task.o(i.fputc) refers to main.o(.bss) for huart1
    user_task.o(i.vTask_Balance) refers to tasks.o(i.ulTaskNotifyTake) for ulTaskNotifyTake
    user_task.o(i.vTask_Balance) refers to key.o(i.Key_GetNum) for Key_GetNum
    user_task.o(i.vTask_Balance) refers to led.o(i.LED_ON) for LED_ON
    user_task.o(i.vTask_Balance) refers to led.o(i.LED_OFF) for LED_OFF
    user_task.o(i.vTask_Balance) refers to mpu6050.o(i.MPU6050_GetData) for MPU6050_GetData
    user_task.o(i.vTask_Balance) refers to dflti.o(.text) for __aeabi_i2d
    user_task.o(i.vTask_Balance) refers to atan2.o(i.atan2) for atan2
    user_task.o(i.vTask_Balance) refers to ddiv.o(.text) for __aeabi_ddiv
    user_task.o(i.vTask_Balance) refers to dmul.o(.text) for __aeabi_dmul
    user_task.o(i.vTask_Balance) refers to d2f.o(.text) for __aeabi_d2f
    user_task.o(i.vTask_Balance) refers to fflti.o(.text) for __aeabi_i2f
    user_task.o(i.vTask_Balance) refers to fscalb.o(.text) for __ARM_scalbnf
    user_task.o(i.vTask_Balance) refers to fmul.o(.text) for __aeabi_fmul
    user_task.o(i.vTask_Balance) refers to fadd.o(.text) for __aeabi_fadd
    user_task.o(i.vTask_Balance) refers to motor.o(i.Motor_SetPWM) for Motor_SetPWM
    user_task.o(i.vTask_Balance) refers to pid.o(i.PID_Update) for PID_Update
    user_task.o(i.vTask_Balance) refers to ffixi.o(.text) for __aeabi_f2iz
    user_task.o(i.vTask_Balance) refers to pid.o(i.PID_Init) for PID_Init
    user_task.o(i.vTask_Balance) refers to user_task.o(.data) for .data
    user_task.o(i.vTask_Balance) refers to system_stm32f1xx.o(.data) for SystemCoreClock
    user_task.o(i.vTask_Comms) refers to tasks.o(i.xTaskGetTickCount) for xTaskGetTickCount
    user_task.o(i.vTask_Comms) refers to strtok.o(.text) for strtok
    user_task.o(i.vTask_Comms) refers to strcmp.o(.text) for strcmp
    user_task.o(i.vTask_Comms) refers to atof.o(i.atof) for atof
    user_task.o(i.vTask_Comms) refers to d2f.o(.text) for __aeabi_d2f
    user_task.o(i.vTask_Comms) refers to atoi.o(.text) for atoi
    user_task.o(i.vTask_Comms) refers to dflti.o(.text) for __aeabi_i2d
    user_task.o(i.vTask_Comms) refers to ddiv.o(.text) for __aeabi_ddiv
    user_task.o(i.vTask_Comms) refers to printfa.o(i.__0printf) for __2printf
    user_task.o(i.vTask_Comms) refers to tasks.o(i.vTaskGetRunTimeStats) for vTaskGetRunTimeStats
    user_task.o(i.vTask_Comms) refers to tasks.o(i.vTaskDelayUntil) for vTaskDelayUntil
    user_task.o(i.vTask_Comms) refers to user_task.o(.data) for .data
    user_task.o(i.vTask_Comms) refers to blueserial.o(.data) for BlueSerial_RxFlag
    user_task.o(i.vTask_Comms) refers to system_stm32f1xx.o(.data) for SystemCoreClock
    user_task.o(i.vTask_Comms) refers to blueserial.o(.bss) for BlueSerial_RxPacket
    user_task.o(i.vTask_Comms) refers to user_task.o(.bss) for .bss
    user_task.o(i.vTask_Speed) refers to tasks.o(i.xTaskGetTickCount) for xTaskGetTickCount
    user_task.o(i.vTask_Speed) refers to encoder.o(i.Encoder_Get) for Encoder_Get
    user_task.o(i.vTask_Speed) refers to fflti.o(.text) for __aeabi_i2f
    user_task.o(i.vTask_Speed) refers to fdiv.o(.text) for __aeabi_fdiv
    user_task.o(i.vTask_Speed) refers to fadd.o(.text) for __aeabi_fadd
    user_task.o(i.vTask_Speed) refers to fscalb.o(.text) for __ARM_scalbnf
    user_task.o(i.vTask_Speed) refers to pid.o(i.PID_Update) for PID_Update
    user_task.o(i.vTask_Speed) refers to ffixi.o(.text) for __aeabi_f2iz
    user_task.o(i.vTask_Speed) refers to tasks.o(i.vTaskDelayUntil) for vTaskDelayUntil
    user_task.o(i.vTask_Speed) refers to user_task.o(.data) for .data
    user_task.o(i.vTask_Speed) refers to system_stm32f1xx.o(.data) for SystemCoreClock
    user_task.o(i.vTask_UI) refers to tasks.o(i.xTaskGetTickCount) for xTaskGetTickCount
    user_task.o(i.vTask_UI) refers to oled.o(i.OLED_Clear) for OLED_Clear
    user_task.o(i.vTask_UI) refers to oled.o(i.OLED_Printf) for OLED_Printf
    user_task.o(i.vTask_UI) refers to f2d.o(.text) for __aeabi_f2d
    user_task.o(i.vTask_UI) refers to oled.o(i.OLED_Update) for OLED_Update
    user_task.o(i.vTask_UI) refers to tasks.o(i.vTaskDelayUntil) for vTaskDelayUntil
    user_task.o(i.vTask_UI) refers to user_task.o(.data) for .data
    user_task.o(i.vTask_UI) refers to system_stm32f1xx.o(.data) for SystemCoreClock
    blueserial.o(i.BlueSerial_Init) refers to stm32f1xx_hal_uart.o(i.HAL_UART_Receive_IT) for HAL_UART_Receive_IT
    blueserial.o(i.BlueSerial_Init) refers to blueserial.o(.data) for .data
[...]
    _printf_lli                              0x00000000   Number         0  stubs.o ABSOLUTE
    _printf_llo                              0x00000000   Number         0  stubs.o ABSOLUTE
    _printf_llu                              0x00000000   Number         0  stubs.o ABSOLUTE
    _printf_llx                              0x00000000   Number         0  stubs.o ABSOLUTE
    _printf_longlong_dec                     0x00000000   Number         0  stubs.o ABSOLUTE
    _printf_longlong_hex                     0x00000000   Number         0  stubs.o ABSOLUTE
    _printf_longlong_oct                     0x00000000   Number         0  stubs.o ABSOLUTE
    _printf_ls                               0x00000000   Number         0  stubs.o ABSOLUTE
    _printf_mbtowc                           0x00000000   Number         0  stubs.o ABSOLUTE
    _printf_n                                0x00000000   Number         0  stubs.o ABSOLUTE
    _printf_o                                0x00000000   Number         0  stubs.o ABSOLUTE
    _printf_p                                0x00000000   Number         0  stubs.o ABSOLUTE
    _printf_percent                          0x00000000   Number         0  stubs.o ABSOLUTE
    _printf_pre_padding                      0x00000000   Number         0  stubs.o ABSOLUTE
    _printf_return_value                     0x00000000   Number         0  stubs.o ABSOLUTE
    _printf_s                                0x00000000   Number         0  stubs.o ABSOLUTE
    _printf_sizespec                         0x00000000   Number         0  stubs.o ABSOLUTE
    _printf_str                              0x00000000   Number         0  stubs.o ABSOLUTE
    _printf_truncate_signed                  0x00000000   Number         0  stubs.o ABSOLUTE
    _printf_truncate_unsigned                0x00000000   Number         0  stubs.o ABSOLUTE
    _printf_u                                0x00000000   Number         0  stubs.o ABSOLUTE
    _printf_wc                               0x00000000   Number         0  stubs.o ABSOLUTE
    _printf_wctomb                           0x00000000   Number         0  stubs.o ABSOLUTE
    _printf_widthprec                        0x00000000   Number         0  stubs.o ABSOLUTE
    _printf_x                                0x00000000   Number         0  stubs.o ABSOLUTE
    __cpp_initialize__aeabi_                  - Undefined Weak Reference
    __cxa_finalize                            - Undefined Weak Reference
    _clock_init                               - Undefined Weak Reference
    _microlib_exit                            - Undefined Weak Reference
    __Vectors_Size                           0x000000ec   Number         0  startup_stm32f103xb.o ABSOLUTE
    __Vectors                                0x08000000   Data           4  startup_stm32f103xb.o(RESET)
    __Vectors_End                            0x080000ec   Data           0  startup_stm32f103xb.o(RESET)
    __main                                   0x080000ed   Thumb Code     0  entry.o(.ARM.Collect$$$$00000000)
    _main_stk                                0x080000ed   Thumb Code     0  entry2.o(.ARM.Collect$$$$00000001)
    _main_scatterload                        0x080000f1   Thumb Code     0  entry5.o(.ARM.Collect$$$$00000004)
    __main_after_scatterload                 0x080000f5   Thumb Code     0  entry5.o(.ARM.Collect$$$$00000004)
    _main_clock                              0x080000f5   Thumb Code     0  entry7b.o(.ARM.Collect$$$$00000008)
    _main_cpp_init                           0x080000f5   Thumb Code     0  entry8b.o(.ARM.Collect$$$$0000000A)
    _main_init                               0x080000f5   Thumb Code     0  entry9a.o(.ARM.Collect$$$$0000000B)
    __rt_final_cpp                           0x080000fd   Thumb Code     0  entry10a.o(.ARM.Collect$$$$0000000D)
    __rt_final_exit                          0x080000fd   Thumb Code     0  entry11a.o(.ARM.Collect$$$$0000000F)
    SVC_Handler                              0x08000101   Thumb Code    32  port.o(.emb_text)
    __asm___6_port_c_39a90d8d__prvStartFirstTask 0x08000125   Thumb Code    28  port.o(.emb_text)
    PendSV_Handler                           0x08000145   Thumb Code    72  port.o(.emb_text)
    vPortGetIPSR                             0x08000191   Thumb Code     6  port.o(.emb_text)
    Reset_Handler                            0x08000199   Thumb Code     8  startup_stm32f103xb.o(.text)
    ADC1_2_IRQHandler                        0x080001b3   Thumb Code     0  startup_stm32f103xb.o(.text)
    CAN1_RX1_IRQHandler                      0x080001b3   Thumb Code     0  startup_stm32f103xb.o(.text)
    CAN1_SCE_IRQHandler                      0x080001b3   Thumb Code     0  startup_stm32f103xb.o(.text)
    DMA1_Channel1_IRQHandler                 0x080001b3   Thumb Code     0  startup_stm32f103xb.o(.text)
    DMA1_Channel2_IRQHandler                 0x080001b3   Thumb Code     0  startup_stm32f103xb.o(.text)
    DMA1_Channel3_IRQHandler                 0x080001b3   Thumb Code     0  startup_stm32f103xb.o(.text)
    EXTI0_IRQHandler                         0x080001b3   Thumb Code     0  startup_stm32f103xb.o(.text)
    EXTI15_10_IRQHandler                     0x080001b3   Thumb Code     0  startup_stm32f103xb.o(.text)
    EXTI1_IRQHandler                         0x080001b3   Thumb Code     0  startup_stm32f103xb.o(.text)
    EXTI2_IRQHandler                         0x080001b3   Thumb Code     0  startup_stm32f103xb.o(.text)
    EXTI3_IRQHandler                         0x080001b3   Thumb Code     0  startup_stm32f103xb.o(.text)
    EXTI4_IRQHandler                         0x080001b3   Thumb Code     0  startup_stm32f103xb.o(.text)
    EXTI9_5_IRQHandler                       0x080001b3   Thumb Code     0  startup_stm32f103xb.o(.text)
    FLASH_IRQHandler                         0x080001b3   Thumb Code     0  startup_stm32f103xb.o(.text)
    I2C1_ER_IRQHandler                       0x080001b3   Thumb Code     0  startup_stm32f103xb.o(.text)
    I2C1_EV_IRQHandler                       0x080001b3   Thumb Code     0  startup_stm32f103xb.o(.text)
    I2C2_ER_IRQHandler                       0x080001b3   Thumb Code     0  startup_stm32f103xb.o(.text)
    I2C2_EV_IRQHandler                       0x080001b3   Thumb Code     0  startup_stm32f103xb.o(.text)
    PVD_IRQHandler                           0x080001b3   Thumb Code     0  startup_stm32f103xb.o(.text)
    RCC_IRQHandler                           0x080001b3   Thumb Code     0  startup_stm32f103xb.o(.text)
    RTC_Alarm_IRQHandler                     0x080001b3   Thumb Code     0  startup_stm32f103xb.o(.text)
    RTC_IRQHandler                           0x080001b3   Thumb Code     0  startup_stm32f103xb.o(.text)
    SPI1_IRQHandler                          0x080001b3   Thumb Code     0  startup_stm32f103xb.o(.text)
    SPI2_IRQHandler                          0x080001b3   Thumb Code     0  startup_stm32f103xb.o(.text)
    TAMPER_IRQHandler                        0x080001b3   Thumb Code     0  startup_stm32f103xb.o(.text)
    TIM1_BRK_IRQHandler                      0x080001b3   Thumb Code     0  startup_stm32f103xb.o(.text)
    TIM1_CC_IRQHandler                       0x080001b3   Thumb Code     0  startup_stm32f103xb.o(.text)
    TIM1_TRG_COM_IRQHandler                  0x080001b3   Thumb Code     0  startup_stm32f103xb.o(.text)
    TIM3_IRQHandler                          0x080001b3   Thumb Code     0  startup_stm32f103xb.o(.text)
    TIM4_IRQHandler                          0x080001b3   Thumb Code     0  startup_stm32f103xb.o(.text)
    USART3_IRQHandler                        0x080001b3   Thumb Code     0  startup_stm32f103xb.o(.text)
    USBWakeUp_IRQHandler                     0x080001b3   Thumb Code     0  startup_stm32f103xb.o(.text)
    USB_HP_CAN1_TX_IRQHandler                0x080001b3   Thumb Code     0  startup_stm32f103xb.o(.text)
    USB_LP_CAN1_RX0_IRQHandler               0x080001b3   Thumb Code     0  startup_stm32f103xb.o(.text)
    WWDG_IRQHandler                          0x080001b3   Thumb Code     0  startup_stm32f103xb.o(.text)
    __aeabi_llsr                             0x080001bd   Thumb Code    32  llushr.o(.text)
    _ll_ushift_r                             0x080001bd   Thumb Code     0  llushr.o(.text)
    __aeabi_memcpy                           0x080001dd   Thumb Code    36  memcpya.o(.text)
    __aeabi_memcpy4                          0x080001dd   Thumb Code     0  memcpya.o(.text)
    __aeabi_memcpy8                          0x080001dd   Thumb Code     0  memcpya.o(.text)
    __aeabi_memset                           0x08000201   Thumb Code    14  memseta.o(.text)
    __aeabi_memset4                          0x08000201   Thumb Code     0  memseta.o(.text)
    __aeabi_memset8                          0x08000201   Thumb Code     0  memseta.o(.text)
    __aeabi_memclr                           0x0800020f   Thumb Code     4  memseta.o(.text)
    __aeabi_memclr4                          0x0800020f   Thumb Code     0  memseta.o(.text)
    __aeabi_memclr8                          0x0800020f   Thumb Code     0  memseta.o(.text)
    memset                                   0x08000213   Thumb Code    18  memseta.o(.text)
    strlen                                   0x08000225   Thumb Code    14  strlen.o(.text)
    strcmp                                   0x08000233   Thumb Code    28  strcmp.o(.text)
    strcpy                                   0x0800024f   Thumb Code    18  strcpy.o(.text)
    strtok                                   0x08000261   Thumb Code    62  strtok.o(.text)
    atoi                                     0x080002a5   Thumb Code    26  atoi.o(.text)
    __aeabi_fadd                             0x080002bf   Thumb Code   164  fadd.o(.text)
    __aeabi_fsub                             0x08000363   Thumb Code     6  fadd.o(.text)
    __aeabi_frsub                            0x08000369   Thumb Code     6  fadd.o(.text)
    __aeabi_fmul                             0x0800036f   Thumb Code   100  fmul.o(.text)
    __aeabi_fdiv                             0x080003d3   Thumb Code   124  fdiv.o(.text)
    __ARM_scalbnf                            0x0800044f   Thumb Code    24  fscalb.o(.text)
    scalbnf                                  0x0800044f   Thumb Code     0  fscalb.o(.text)
    __aeabi_dadd                             0x08000467   Thumb Code   322  dadd.o(.text)
    __aeabi_dsub                             0x080005a9   Thumb Code     6  dadd.o(.text)
    __aeabi_drsub                            0x080005af   Thumb Code     6  dadd.o(.text)
    __aeabi_dmul                             0x080005b5   Thumb Code   228  dmul.o(.text)
    __aeabi_ddiv                             0x08000699   Thumb Code   222  ddiv.o(.text)
    __aeabi_i2f                              0x08000777   Thumb Code    18  fflti.o(.text)
    __aeabi_i2d                              0x08000789   Thumb Code    34  dflti.o(.text)
    __aeabi_f2iz                             0x080007ab   Thumb Code    50  ffixi.o(.text)
    __aeabi_f2d                              0x080007dd   Thumb Code    38  f2d.o(.text)
    __aeabi_cdrcmple                         0x08000805   Thumb Code    48  cdrcmple.o(.text)
    __aeabi_d2f                              0x08000835   Thumb Code    56  d2f.o(.text)
    __aeabi_cfcmpeq                          0x0800086d   Thumb Code     0  cfcmple.o(.text)
    __aeabi_cfcmple                          0x0800086d   Thumb Code    20  cfcmple.o(.text)
    __aeabi_cfrcmple                         0x08000881   Thumb Code    20  cfrcmple.o(.text)
    __aeabi_uidiv                            0x08000895   Thumb Code     0  uidiv.o(.text)
    __aeabi_uidivmod                         0x08000895   Thumb Code    44  uidiv.o(.text)
    __aeabi_uldivmod                         0x080008c1   Thumb Code    98  uldiv.o(.text)
    __aeabi_llsl                             0x08000923   Thumb Code    30  llshl.o(.text)
    _ll_shift_l                              0x08000923   Thumb Code     0  llshl.o(.text)
    __aeabi_lasr                             0x08000941   Thumb Code    36  llsshr.o(.text)
    _ll_sshift_r                             0x08000941   Thumb Code     0  llsshr.o(.text)
    __strtod_int                             0x0800099b   Thumb Code    90  strtod.o(.text)
    strtol                                   0x08000a01   Thumb Code   112  strtol.o(.text)
    __I$use$fp                               0x08000a71   Thumb Code     0  iusefp.o(.text)
    _float_round                             0x08000a71   Thumb Code    18  fepilogue.o(.text)
    _float_epilogue                          0x08000a83   Thumb Code    92  fepilogue.o(.text)
    _double_round                            0x08000adf   Thumb Code    30  depilogue.o(.text)
    _double_epilogue                         0x08000afd   Thumb Code   156  depilogue.o(.text)
    __aeabi_d2ulz                            0x08000b99   Thumb Code    48  dfixul.o(.text)
    __scatterload                            0x08000bc9   Thumb Code    28  init.o(.text)
    __scatterload_rt2                        0x08000bc9   Thumb Code     0  init.o(.text)
    __rt_ctype_table                         0x08000bed   Thumb Code     4  ctype_o.o(.text)
    isspace                                  0x08000bf5   Thumb Code    18  isspace_o.o(.text)
    _scanf_real                              0x08000d31   Thumb Code     0  scanf_fp.o(.text)
    _scanf_really_real                       0x08000d31   Thumb Code   556  scanf_fp.o(.text)
    _sgetc                                   0x08000f69   Thumb Code    30  _sgetc.o(.text)
    _sbackspace                              0x08000f87   Thumb Code    34  _sgetc.o(.text)
    _strtoul                                 0x08000fa9   Thumb Code   158  _strtoul.o(.text)
    __ARM_scalbn                             0x08001047   Thumb Code    46  dscalb.o(.text)
    scalbn                                   0x08001047   Thumb Code     0  dscalb.o(.text)
    _chval                                   0x08001075   Thumb Code    28  _chval.o(.text)
    __aeabi_ul2d                             0x08001091   Thumb Code    24  dfltul.o(.text)
    __decompress                             0x080010a9   Thumb Code     0  __dczerorl2.o(.text)
    __decompress1                            0x080010a9   Thumb Code    86  __dczerorl2.o(.text)
    BlueSerial_Init                          0x08001101   Thumb Code    10  blueserial.o(i.BlueSerial_Init)
    BusFault_Handler                         0x08001115   Thumb Code     2  stm32f1xx_it.o(i.BusFault_Handler)
    DMA1_Channel4_IRQHandler                 0x08001119   Thumb Code     6  stm32f1xx_it.o(i.DMA1_Channel4_IRQHandler)
    DMA1_Channel5_IRQHandler                 0x08001125   Thumb Code     6  stm32f1xx_it.o(i.DMA1_Channel5_IRQHandler)
    DMA1_Channel6_IRQHandler                 0x08001131   Thumb Code     6  stm32f1xx_it.o(i.DMA1_Channel6_IRQHandler)
    DMA1_Channel7_IRQHandler                 0x0800113d   Thumb Code     6  stm32f1xx_it.o(i.DMA1_Channel7_IRQHandler)
    DebugMon_Handler                         0x08001149   Thumb Code     2  stm32f1xx_it.o(i.DebugMon_Handler)
    Encoder_Get                              0x0800114d   Thumb Code    30  encoder.o(i.Encoder_Get)
    Encoder_Init                             0x08001175   Thumb Code    22  encoder.o(i.Encoder_Init)
    Error_Handler                            0x08001195   Thumb Code     4  main.o(i.Error_Handler)
    GetTimerForRunTimeStats                  0x08001199   Thumb Code     6  user_task.o(i.GetTimerForRunTimeStats)
    HAL_DMA_Abort                            0x080011a5   Thumb Code    70  stm32f1xx_hal_dma.o(i.HAL_DMA_Abort)
    HAL_DMA_Abort_IT                         0x080011ed   Thumb Code   148  stm32f1xx_hal_dma.o(i.HAL_DMA_Abort_IT)
    HAL_DMA_IRQHandler                       0x08001285   Thumb Code   316  stm32f1xx_hal_dma.o(i.HAL_DMA_IRQHandler)
    HAL_DMA_Init                             0x080013d9   Thumb Code    84  stm32f1xx_hal_dma.o(i.HAL_DMA_Init)
    HAL_GPIO_Init                            0x08001435   Thumb Code   446  stm32f1xx_hal_gpio.o(i.HAL_GPIO_Init)
    HAL_GPIO_ReadPin                         0x08001615   Thumb Code    10  stm32f1xx_hal_gpio.o(i.HAL_GPIO_ReadPin)
    HAL_GPIO_WritePin                        0x0800161f   Thumb Code    10  stm32f1xx_hal_gpio.o(i.HAL_GPIO_WritePin)
    HAL_GetTick                              0x08001629   Thumb Code     6  stm32f1xx_hal.o(i.HAL_GetTick)
    HAL_IncTick                              0x08001635   Thumb Code    12  stm32f1xx_hal.o(i.HAL_IncTick)
    HAL_Init                                 0x08001645   Thumb Code    32  stm32f1xx_hal.o(i.HAL_Init)
    HAL_InitTick                             0x08001669   Thumb Code   118  stm32f1xx_hal_timebase_tim.o(i.HAL_InitTick)
    HAL_MspInit                              0x080016f5   Thumb Code    62  stm32f1xx_hal_msp.o(i.HAL_MspInit)
    HAL_NVIC_EnableIRQ                       0x0800173d   Thumb Code    26  stm32f1xx_hal_cortex.o(i.HAL_NVIC_EnableIRQ)
    HAL_NVIC_SetPriority                     0x08001759   Thumb Code    60  stm32f1xx_hal_cortex.o(i.HAL_NVIC_SetPriority)
    HAL_NVIC_SetPriorityGrouping             0x08001799   Thumb Code    26  stm32f1xx_hal_cortex.o(i.HAL_NVIC_SetPriorityGrouping)
    HAL_RCC_ClockConfig                      0x080017bd   Thumb Code   280  stm32f1xx_hal_rcc.o(i.HAL_RCC_ClockConfig)
    HAL_RCC_GetClockConfig                   0x080018e9   Thumb Code    54  stm32f1xx_hal_rcc.o(i.HAL_RCC_GetClockConfig)
    HAL_RCC_GetPCLK1Freq                     0x08001929   Thumb Code    20  stm32f1xx_hal_rcc.o(i.HAL_RCC_GetPCLK1Freq)
    HAL_RCC_GetPCLK2Freq                     0x08001949   Thumb Code    20  stm32f1xx_hal_rcc.o(i.HAL_RCC_GetPCLK2Freq)
    HAL_RCC_GetSysClockFreq                  0x08001969   Thumb Code    58  stm32f1xx_hal_rcc.o(i.HAL_RCC_GetSysClockFreq)
    HAL_RCC_OscConfig                        0x080019b5   Thumb Code   778  stm32f1xx_hal_rcc.o(i.HAL_RCC_OscConfig)
    HAL_TIMEx_BreakCallback                  0x08001cd5   Thumb Code     2  stm32f1xx_hal_tim_ex.o(i.HAL_TIMEx_BreakCallback)
    HAL_TIMEx_CommutCallback                 0x08001cd7   Thumb Code     2  stm32f1xx_hal_tim_ex.o(i.HAL_TIMEx_CommutCallback)
    HAL_TIMEx_MasterConfigSynchronization    0x08001cd9   Thumb Code    92  stm32f1xx_hal_tim_ex.o(i.HAL_TIMEx_MasterConfigSynchronization)
    HAL_TIM_Base_Init                        0x08001d41   Thumb Code    90  stm32f1xx_hal_tim.o(i.HAL_TIM_Base_Init)
    HAL_TIM_Base_MspInit                     0x08001d9d   Thumb Code    50  stm32f1xx_hal_msp.o(i.HAL_TIM_Base_MspInit)
    HAL_TIM_Base_Start                       0x08001dd5   Thumb Code    66  stm32f1xx_hal_tim.o(i.HAL_TIM_Base_Start)
    HAL_TIM_Base_Start_IT                    0x08001e25   Thumb Code    76  stm32f1xx_hal_tim.o(i.HAL_TIM_Base_Start_IT)
    HAL_TIM_ConfigClockSource                0x08001e7d   Thumb Code   220  stm32f1xx_hal_tim.o(i.HAL_TIM_ConfigClockSource)
    HAL_TIM_Encoder_Init                     0x08001f59   Thumb Code   164  stm32f1xx_hal_tim.o(i.HAL_TIM_Encoder_Init)
    HAL_TIM_Encoder_MspInit                  0x08001ffd   Thumb Code   118  stm32f1xx_hal_msp.o(i.HAL_TIM_Encoder_MspInit)
    HAL_TIM_Encoder_Start                    0x08002089   Thumb Code   142  stm32f1xx_hal_tim.o(i.HAL_TIM_Encoder_Start)
    HAL_TIM_IC_CaptureCallback               0x08002117   Thumb Code     2  stm32f1xx_hal_tim.o(i.HAL_TIM_IC_CaptureCallback)
    HAL_TIM_IRQHandler                       0x08002119   Thumb Code   304  stm32f1xx_hal_tim.o(i.HAL_TIM_IRQHandler)
    HAL_TIM_MspPostInit                      0x08002249   Thumb Code    62  stm32f1xx_hal_msp.o(i.HAL_TIM_MspPostInit)
    HAL_TIM_OC_DelayElapsedCallback          0x08002291   Thumb Code     2  stm32f1xx_hal_tim.o(i.HAL_TIM_OC_DelayElapsedCallback)
    HAL_TIM_PWM_ConfigChannel                0x08002293   Thumb Code   204  stm32f1xx_hal_tim.o(i.HAL_TIM_PWM_ConfigChannel)
    HAL_TIM_PWM_Init                         0x0800235f   Thumb Code    90  stm32f1xx_hal_tim.o(i.HAL_TIM_PWM_Init)
    HAL_TIM_PWM_MspInit                      0x080023b9   Thumb Code     2  stm32f1xx_hal_tim.o(i.HAL_TIM_PWM_MspInit)
    HAL_TIM_PWM_PulseFinishedCallback        0x080023bb   Thumb Code     2  stm32f1xx_hal_tim.o(i.HAL_TIM_PWM_PulseFinishedCallback)
    HAL_TIM_PWM_Start                        0x080023bd   Thumb Code   144  stm32f1xx_hal_tim.o(i.HAL_TIM_PWM_Start)
    HAL_TIM_PeriodElapsedCallback            0x08002459   Thumb Code    14  main.o(i.HAL_TIM_PeriodElapsedCallback)
    HAL_TIM_TriggerCallback                  0x0800246d   Thumb Code     2  stm32f1xx_hal_tim.o(i.HAL_TIM_TriggerCallback)
    HAL_UARTEx_RxEventCallback               0x0800246f   Thumb Code     2  stm32f1xx_hal_uart.o(i.HAL_UARTEx_RxEventCallback)
    HAL_UART_ErrorCallback                   0x08002471   Thumb Code     2  stm32f1xx_hal_uart.o(i.HAL_UART_ErrorCallback)
    HAL_UART_IRQHandler                      0x08002475   Thumb Code   616  stm32f1xx_hal_uart.o(i.HAL_UART_IRQHandler)
    HAL_UART_Init                            0x080026e1   Thumb Code   100  stm32f1xx_hal_uart.o(i.HAL_UART_Init)
    HAL_UART_MspInit                         0x08002745   Thumb Code   376  stm32f1xx_hal_msp.o(i.HAL_UART_MspInit)
    HAL_UART_Receive_IT                      0x080028e1   Thumb Code    28  stm32f1xx_hal_uart.o(i.HAL_UART_Receive_IT)
    HAL_UART_RxCpltCallback                  0x080028fd   Thumb Code   110  blueserial.o(i.HAL_UART_RxCpltCallback)
    HAL_UART_TxCpltCallback                  0x0800298d   Thumb Code     2  stm32f1xx_hal_uart.o(i.HAL_UART_TxCpltCallback)
    HardFault_Handler                        0x0800298f   Thumb Code     2  stm32f1xx_it.o(i.HardFault_Handler)
    Key_GetNum                               0x08002991   Thumb Code    14  key.o(i.Key_GetNum)
    Key_GetState                             0x080029a5   Thumb Code    66  key.o(i.Key_GetState)
    Key_Init                                 0x080029f1   Thumb Code     2  key.o(i.Key_Init)
    Key_Tick                                 0x080029f5   Thumb Code    44  key.o(i.Key_Tick)
    LED_Init                                 0x08002a25   Thumb Code     2  led.o(i.LED_Init)
    LED_OFF                                  0x08002a29   Thumb Code    10  led.o(i.LED_OFF)
    LED_ON                                   0x08002a39   Thumb Code    12  led.o(i.LED_ON)
    MPU6050_GetData                          0x08002a49   Thumb Code    82  mpu6050.o(i.MPU6050_GetData)
    MPU6050_Init                             0x08002a9b   Thumb Code    58  mpu6050.o(i.MPU6050_Init)
    MPU6050_ReadRegs                         0x08002ad5   Thumb Code    92  mpu6050.o(i.MPU6050_ReadRegs)
    MPU6050_WriteReg                         0x08002b31   Thumb Code    48  mpu6050.o(i.MPU6050_WriteReg)
    MemManage_Handler                        0x08002df9   Thumb Code     2  stm32f1xx_it.o(i.MemManage_Handler)
    Motor_Init                               0x08002dfb   Thumb Code     4  motor.o(i.Motor_Init)
    Motor_SetPWM                             0x08002e01   Thumb Code   140  motor.o(i.Motor_SetPWM)
    MyI2C_Init                               0x08002e91   Thumb Code    12  myi2c.o(i.MyI2C_Init)
    MyI2C_R_SDA                              0x08002ea1   Thumb Code    20  myi2c.o(i.MyI2C_R_SDA)
    MyI2C_ReceiveAck                         0x08002eb9   Thumb Code    30  myi2c.o(i.MyI2C_ReceiveAck)
    MyI2C_ReceiveByte                        0x08002ed7   Thumb Code    52  myi2c.o(i.MyI2C_ReceiveByte)
    MyI2C_SendAck                            0x08002f0b   Thumb Code    22  myi2c.o(i.MyI2C_SendAck)
    MyI2C_SendByte                           0x08002f21   Thumb Code    40  myi2c.o(i.MyI2C_SendByte)
    MyI2C_Start                              0x08002f49   Thumb Code    30  myi2c.o(i.MyI2C_Start)
    MyI2C_Stop                               0x08002f67   Thumb Code    24  myi2c.o(i.MyI2C_Stop)
    MyI2C_W_SCL                              0x08002f81   Thumb Code    18  myi2c.o(i.MyI2C_W_SCL)
    MyI2C_W_SDA                              0x08002f99   Thumb Code    18  myi2c.o(i.MyI2C_W_SDA)
    NMI_Handler                              0x08002fb1   Thumb Code     2  stm32f1xx_it.o(i.NMI_Handler)
    OLED_Clear                               0x08002fb5   Thumb Code    34  oled.o(i.OLED_Clear)
    OLED_ClearArea                           0x08002fdd   Thumb Code    86  oled.o(i.OLED_ClearArea)
    OLED_GPIO_Init                           0x08003039   Thumb Code    38  oled.o(i.OLED_GPIO_Init)
    OLED_I2C_SendByte                        0x0800305f   Thumb Code    58  oled.o(i.OLED_I2C_SendByte)
    OLED_I2C_Start                           0x08003099   Thumb Code    30  oled.o(i.OLED_I2C_Start)
    OLED_I2C_Stop                            0x080030b7   Thumb Code    24  oled.o(i.OLED_I2C_Stop)
    OLED_Init                                0x080030cf   Thumb Code   156  oled.o(i.OLED_Init)
    OLED_Printf                              0x0800316b   Thumb Code    42  oled.o(i.OLED_Printf)
    OLED_SetCursor                           0x08003195   Thumb Code    34  oled.o(i.OLED_SetCursor)
    OLED_ShowChar                            0x080031b9   Thumb Code    52  oled.o(i.OLED_ShowChar)
    OLED_ShowImage                           0x080031f5   Thumb Code   182  oled.o(i.OLED_ShowImage)
    OLED_ShowString                          0x080032b1   Thumb Code   356  oled.o(i.OLED_ShowString)
    OLED_Update                              0x0800341d   Thumb Code    34  oled.o(i.OLED_Update)
    OLED_W_SCL                               0x08003445   Thumb Code    18  oled.o(i.OLED_W_SCL)
    OLED_W_SDA                               0x0800345d   Thumb Code    18  oled.o(i.OLED_W_SDA)
    OLED_WriteCommand                        0x08003475   Thumb Code    34  oled.o(i.OLED_WriteCommand)
    OLED_WriteData                           0x08003497   Thumb Code    48  oled.o(i.OLED_WriteData)
    PID_Init                                 0x080034c7   Thumb Code    18  pid.o(i.PID_Init)
    PID_Update                               0x080034d9   Thumb Code   170  pid.o(i.PID_Update)
    PWM_Init                                 0x08003585   Thumb Code    22  pwm.o(i.PWM_Init)
    PWM_SetCompare1                          0x080035a1   Thumb Code     8  pwm.o(i.PWM_SetCompare1)
    PWM_SetCompare2                          0x080035ad   Thumb Code     8  pwm.o(i.PWM_SetCompare2)
    Serial_Init                              0x080035b9   Thumb Code    10  serial.o(i.Serial_Init)
    StartTimerForRunTimeStats                0x080035cd   Thumb Code    26  user_task.o(i.StartTimerForRunTimeStats)
    SysTick_Handler                          0x080035f1   Thumb Code    26  cmsis_os2.o(i.SysTick_Handler)
    SystemClock_Config                       0x0800360b   Thumb Code    94  main.o(i.SystemClock_Config)
    SystemInit                               0x08003669   Thumb Code     2  system_stm32f1xx.o(i.SystemInit)
    TIM1_UP_IRQHandler                       0x0800366d   Thumb Code    70  stm32f1xx_it.o(i.TIM1_UP_IRQHandler)
    TIM2_IRQHandler                          0x080036c5   Thumb Code     6  stm32f1xx_it.o(i.TIM2_IRQHandler)
    TIM_Base_SetConfig                       0x080036d1   Thumb Code   108  stm32f1xx_hal_tim.o(i.TIM_Base_SetConfig)
    TIM_CCxChannelCmd                        0x08003749   Thumb Code    26  stm32f1xx_hal_tim.o(i.TIM_CCxChannelCmd)
    TIM_ETR_SetConfig                        0x08003763   Thumb Code    20  stm32f1xx_hal_tim.o(i.TIM_ETR_SetConfig)
    TIM_OC2_SetConfig                        0x080037d9   Thumb Code    84  stm32f1xx_hal_tim.o(i.TIM_OC2_SetConfig)
    UART_Start_Receive_IT                    0x08003aed   Thumb Code    54  stm32f1xx_hal_uart.o(i.UART_Start_Receive_IT)
    USART1_IRQHandler                        0x08003b25   Thumb Code     6  stm32f1xx_it.o(i.USART1_IRQHandler)
    USART2_IRQHandler                        0x08003b31   Thumb Code     6  stm32f1xx_it.o(i.USART2_IRQHandler)
    UsageFault_Handler                       0x08003b3d   Thumb Code     2  stm32f1xx_it.o(i.UsageFault_Handler)
    __0printf                                0x08003b41   Thumb Code    22  printfa.o(i.__0printf)
    __1printf                                0x08003b41   Thumb Code     0  printfa.o(i.__0printf)
    __2printf                                0x08003b41   Thumb Code     0  printfa.o(i.__0printf)
    __c89printf                              0x08003b41   Thumb Code     0  printfa.o(i.__0printf)
    printf                                   0x08003b41   Thumb Code     0  printfa.o(i.__0printf)
    __0sprintf                               0x08003b61   Thumb Code    34  printfa.o(i.__0sprintf)
    __1sprintf                               0x08003b61   Thumb Code     0  printfa.o(i.__0sprintf)
    __2sprintf                               0x08003b61   Thumb Code     0  printfa.o(i.__0sprintf)
    __c89sprintf                             0x08003b61   Thumb Code     0  printfa.o(i.__0sprintf)
    sprintf                                  0x08003b61   Thumb Code     0  printfa.o(i.__0sprintf)
    __0vsprintf                              0x08003b89   Thumb Code    30  printfa.o(i.__0vsprintf)
    __1vsprintf                              0x08003b89   Thumb Code     0  printfa.o(i.__0vsprintf)
    __2vsprintf                              0x08003b89   Thumb Code     0  printfa.o(i.__0vsprintf)
    __c89vsprintf                            0x08003b89   Thumb Code     0  printfa.o(i.__0vsprintf)
    vsprintf                                 0x08003b89   Thumb Code     0  printfa.o(i.__0vsprintf)
    __ARM_fpclassify                         0x08003bad   Thumb Code    40  fpclassify.o(i.__ARM_fpclassify)
    __aeabi_errno_addr                       0x08003bf5   Thumb Code     4  errno.o(i.__aeabi_errno_addr)
    __rt_errno_addr                          0x08003bf5   Thumb Code     0  errno.o(i.__aeabi_errno_addr)
    __kernel_poly                            0x08003bfd   Thumb Code   170  poly.o(i.__kernel_poly)
    __mathlib_dbl_infnan                     0x08003ca7   Thumb Code     6  dunder.o(i.__mathlib_dbl_infnan)
    __mathlib_dbl_infnan2                    0x08003cad   Thumb Code     4  dunder.o(i.__mathlib_dbl_infnan2)
    __mathlib_dbl_underflow                  0x08003cb1   Thumb Code    10  dunder.o(i.__mathlib_dbl_underflow)
    __read_errno                             0x08003cc1   Thumb Code     6  errno.o(i.__read_errno)
    __scatterload_copy                       0x08003ccd   Thumb Code    14  handlers.o(i.__scatterload_copy)
    __scatterload_null                       0x08003cdb   Thumb Code     2  handlers.o(i.__scatterload_null)
    __scatterload_zeroinit                   0x08003cdd   Thumb Code    14  handlers.o(i.__scatterload_zeroinit)
    __set_errno                              0x08003ced   Thumb Code     6  errno.o(i.__set_errno)
    _is_digit                                0x08003e7d   Thumb Code    14  scanf_fp.o(i._is_digit)
    atan                                     0x080045c5   Thumb Code   474  atan.o(i.atan)
    atan2                                    0x080047e5   Thumb Code   346  atan2.o(i.atan2)
    atof                                     0x08004965   Thumb Code    42  atof.o(i.atof)
    eTaskGetState                            0x08004991   Thumb Code   106  tasks.o(i.eTaskGetState)
    fputc                                    0x08004a05   Thumb Code    16  user_task.o(i.fputc)
    main                                     0x08004a19   Thumb Code   356  main.o(i.main)
    osKernelInitialize                       0x08004ba5   Thumb Code    32  cmsis_os2.o(i.osKernelInitialize)
    osKernelStart                            0x08004bc9   Thumb Code    48  cmsis_os2.o(i.osKernelStart)
    osMessageQueueNew                        0x08004c01   Thumb Code    88  cmsis_os2.o(i.osMessageQueueNew)
    osThreadNew                              0x08004c59   Thumb Code   138  cmsis_os2.o(i.osThreadNew)
    pvPortMalloc                             0x08005509   Thumb Code   216  heap_4.o(i.pvPortMalloc)
    pxPortInitialiseStack                    0x080055e5   Thumb Code    32  port.o(i.pxPortInitialiseStack)
    ulTaskNotifyTake                         0x08005609   Thumb Code    96  tasks.o(i.ulTaskNotifyTake)
    uxListRemove                             0x08005671   Thumb Code    38  list.o(i.uxListRemove)
    uxTaskGetSystemState                     0x08005699   Thumb Code   160  tasks.o(i.uxTaskGetSystemState)
    vApplicationGetIdleTaskMemory            0x08005745   Thumb Code    16  cmsis_os2.o(i.vApplicationGetIdleTaskMemory)
    vApplicationGetTimerTaskMemory           0x08005759   Thumb Code    18  cmsis_os2.o(i.vApplicationGetTimerTaskMemory)
    vBalance                                 0x08005771   Thumb Code     6  main.o(i.vBalance)
    vComms                                   0x08005777   Thumb Code     6  main.o(i.vComms)
    vListInitialise                          0x0800577d   Thumb Code    22  list.o(i.vListInitialise)
    vListInitialiseItem                      0x08005793   Thumb Code     6  list.o(i.vListInitialiseItem)
    vListInsert                              0x08005799   Thumb Code    48  list.o(i.vListInsert)
    vListInsertEnd                           0x080057c9   Thumb Code    24  list.o(i.vListInsertEnd)
    vPortEnterCritical                       0x080057e1   Thumb Code    54  port.o(i.vPortEnterCritical)
    vPortExitCritical                        0x08005821   Thumb Code    34  port.o(i.vPortExitCritical)
    vPortFree                                0x08005849   Thumb Code    94  heap_4.o(i.vPortFree)
    vPortSetupTimerInterrupt                 0x080058ad   Thumb Code    32  port.o(i.vPortSetupTimerInterrupt)
    vPortValidateInterruptPriority           0x080058d1   Thumb Code    74  port.o(i.vPortValidateInterruptPriority)
    vQueueAddToRegistry                      0x08005925   Thumb Code    34  queue.o(i.vQueueAddToRegistry)
    vQueueWaitForMessageRestricted           0x0800594d   Thumb Code    68  queue.o(i.vQueueWaitForMessageRestricted)
    vSpeed                                   0x08005991   Thumb Code     6  main.o(i.vSpeed)
    vTaskDelayUntil                          0x08005999   Thumb Code   132  tasks.o(i.vTaskDelayUntil)
    vTaskGetInfo                             0x08005a25   Thumb Code   114  tasks.o(i.vTaskGetInfo)
    vTaskGetRunTimeStats                     0x08005a9d   Thumb Code   134  tasks.o(i.vTaskGetRunTimeStats)
    vTaskInternalSetTimeOutState             0x08005b41   Thumb Code    12  tasks.o(i.vTaskInternalSetTimeOutState)
    vTaskMissedYield                         0x08005b51   Thumb Code     8  tasks.o(i.vTaskMissedYield)
    vTaskNotifyGiveFromISR                   0x08005b5d   Thumb Code   162  tasks.o(i.vTaskNotifyGiveFromISR)
    vTaskPlaceOnEventList                    0x08005c0d   Thumb Code    44  tasks.o(i.vTaskPlaceOnEventList)
    vTaskPlaceOnEventListRestricted          0x08005c3d   Thumb Code    52  tasks.o(i.vTaskPlaceOnEventListRestricted)
    vTaskStartScheduler                      0x08005c75   Thumb Code   122  tasks.o(i.vTaskStartScheduler)
    vTaskSuspendAll                          0x08005d01   Thumb Code    10  tasks.o(i.vTaskSuspendAll)
    vTaskSwitchContext                       0x08005d11   Thumb Code   114  tasks.o(i.vTaskSwitchContext)
    vTask_Balance                            0x08005d8d   Thumb Code   444  user_task.o(i.vTask_Balance)
    vTask_Comms                              0x08005f79   Thumb Code   604  user_task.o(i.vTask_Comms)
    vTask_Speed                              0x080062e1   Thumb Code   232  user_task.o(i.vTask_Speed)
    vTask_UI                                 0x080063e5   Thumb Code   572  user_task.o(i.vTask_UI)
    vUI                                      0x080066bd   Thumb Code     6  main.o(i.vUI)
    xPortStartScheduler                      0x080066c5   Thumb Code   154  port.o(i.xPortStartScheduler)
    xPortSysTickHandler                      0x0800676d   Thumb Code    38  port.o(i.xPortSysTickHandler)
    xQueueGenericCreate                      0x08006799   Thumb Code    66  queue.o(i.xQueueGenericCreate)
    xQueueGenericCreateStatic                0x080067db   Thumb Code   102  queue.o(i.xQueueGenericCreateStatic)
    xQueueGenericReset                       0x08006841   Thumb Code   132  queue.o(i.xQueueGenericReset)
    xQueueGenericSend                        0x080068c9   Thumb Code   346  queue.o(i.xQueueGenericSend)
    xQueueGenericSendFromISR                 0x08006a29   Thumb Code   190  queue.o(i.xQueueGenericSendFromISR)
    xQueueReceive                            0x08006ae9   Thumb Code   308  queue.o(i.xQueueReceive)
    xTaskCheckForTimeOut                     0x08006c21   Thumb Code   112  tasks.o(i.xTaskCheckForTimeOut)
    xTaskCreate                              0x08006c95   Thumb Code    90  tasks.o(i.xTaskCreate)
    xTaskCreateStatic                        0x08006cef   Thumb Code    86  tasks.o(i.xTaskCreateStatic)
    xTaskGetSchedulerState                   0x08006d45   Thumb Code    22  tasks.o(i.xTaskGetSchedulerState)
    xTaskGetTickCount                        0x08006d61   Thumb Code     6  tasks.o(i.xTaskGetTickCount)
    xTaskIncrementTick                       0x08006d6d   Thumb Code   192  tasks.o(i.xTaskIncrementTick)
    xTaskPriorityDisinherit                  0x08006e35   Thumb Code   118  tasks.o(i.xTaskPriorityDisinherit)
    xTaskRemoveFromEventList                 0x08006eb5   Thumb Code    98  tasks.o(i.xTaskRemoveFromEventList)
    xTaskResumeAll                           0x08006f25   Thumb Code   182  tasks.o(i.xTaskResumeAll)
    xTimerCreateTimerTask                    0x08006fe9   Thumb Code    78  timers.o(i.xTimerCreateTimerTask)
    xTimerGenericCommand                     0x08007049   Thumb Code    98  timers.o(i.xTimerGenericCommand)
    OLED_F8x16                               0x080070b0   Data        1520  oled_data.o(.constdata)
    OLED_F6x8                                0x080076a0   Data         570  oled_data.o(.constdata)
    OLED_CF16x16                             0x080078da   Data         259  oled_data.o(.constdata)
    Balance_attributes                       0x080079e0   Data          36  main.o(.constdata)
    Speed_attributes                         0x08007a04   Data          36  main.o(.constdata)
    Comms_attributes                         0x08007a28   Data          36  main.o(.constdata)
    UI_attributes                            0x08007a4c   Data          36  main.o(.constdata)
    ButtonQueue_attributes                   0x08007a70   Data          24  main.o(.constdata)
    TimerQueue_attributes                    0x08007a88   Data          24  main.o(.constdata)
    PrintQueue_attributes                    0x08007aa0   Data          24  main.o(.constdata)
    AHBPrescTable                            0x08007aca   Data          16  system_stm32f1xx.o(.constdata)
    APBPrescTable                            0x08007ada   Data           8  system_stm32f1xx.o(.constdata)
    __mathlib_zero                           0x08007b80   Data           8  qnan.o(.constdata)
    __ctype_table                            0x08007b88   Data         129  ctype_o.o(.constdata)
    Region$$Table$$Base                      0x08007c50   Number         0  anon$$obj.o(Region$$Table)
    Region$$Table$$Limit                     0x08007c70   Number         0  anon$$obj.o(Region$$Table)
    KeyNum                                   0x20000000   Data           1  user_task.o(.data)
    RunFlag                                  0x20000001   Data           1  user_task.o(.data)
    AX                                       0x20000002   Data           2  user_task.o(.data)
    AY                                       0x20000004   Data           2  user_task.o(.data)
    AZ                                       0x20000006   Data           2  user_task.o(.data)
    GX                                       0x20000008   Data           2  user_task.o(.data)
    GY                                       0x2000000a   Data           2  user_task.o(.data)
    GZ                                       0x2000000c   Data           2  user_task.o(.data)
    LeftPWM                                  0x2000000e   Data           2  user_task.o(.data)
    RightPWM                                 0x20000010   Data           2  user_task.o(.data)
    AvePWM                                   0x20000012   Data           2  user_task.o(.data)
    DifPWM                                   0x20000014   Data           2  user_task.o(.data)
    Balance_ExecTime_us                      0x20000018   Data           4  user_task.o(.data)
    Speed_ExecTime_us                        0x2000001c   Data           4  user_task.o(.data)
    UI_ExecTime_us                           0x20000020   Data           4  user_task.o(.data)
    Balance_CycleTime_us                     0x20000024   Data           4  user_task.o(.data)
    Speed_CycleTime_us                       0x20000028   Data           4  user_task.o(.data)
    Comms_CycleTime_us                       0x2000002c   Data           4  user_task.o(.data)
    UI_CycleTime_us                          0x20000030   Data           4  user_task.o(.data)
    AngleAcc                                 0x20000048   Data           4  user_task.o(.data)
    AngleGyro                                0x2000004c   Data           4  user_task.o(.data)
    Angle                                    0x20000050   Data           4  user_task.o(.data)
    LeftSpeed                                0x20000054   Data           4  user_task.o(.data)
    RightSpeed                               0x20000058   Data           4  user_task.o(.data)
    AveSpeed                                 0x2000005c   Data           4  user_task.o(.data)
    DifSpeed                                 0x20000060   Data           4  user_task.o(.data)
    AnglePID                                 0x20000064   Data          60  user_task.o(.data)
    SpeedPID                                 0x200000a0   Data          60  user_task.o(.data)
    TurnPID                                  0x200000dc   Data          60  user_task.o(.data)
    BlueSerial_RxFlag                        0x2000011a   Data           1  blueserial.o(.data)
    BlueSerial_RxByte                        0x2000011b   Data           1  blueserial.o(.data)
    Serial1_RxByte                           0x2000011c   Data           1  blueserial.o(.data)
    Key_Num                                  0x20000120   Data           1  key.o(.data)
    Serial_RxData                            0x20000121   Data           1  serial.o(.data)
    Serial_RxFlag                            0x20000122   Data           1  serial.o(.data)
    BalanceTask_Handler                      0x20000124   Data           4  main.o(.data)
    SpeedTask_Handler                        0x20000128   Data           4  main.o(.data)
    CommsTask_Handler                        0x2000012c   Data           4  main.o(.data)
    UITask_Handler                           0x20000130   Data           4  main.o(.data)
    BalanceHandle                            0x20000134   Data           4  main.o(.data)
    SpeedHandle                              0x20000138   Data           4  main.o(.data)
    CommsHandle                              0x2000013c   Data           4  main.o(.data)
    UIHandle                                 0x20000140   Data           4  main.o(.data)
    ButtonQueueHandle                        0x20000144   Data           4  main.o(.data)
    TimerQueueHandle                         0x20000148   Data           4  main.o(.data)
    PrintQueueHandle                         0x2000014c   Data           4  main.o(.data)
    uwTickFreq                               0x20000154   Data           1  stm32f1xx_hal.o(.data)
    uwTickPrio                               0x20000158   Data           4  stm32f1xx_hal.o(.data)
    uwTick                                   0x2000015c   Data           4  stm32f1xx_hal.o(.data)
    SystemCoreClock                          0x20000160   Data           4  system_stm32f1xx.o(.data)
    pxCurrentTCB                             0x20000164   Data           4  tasks.o(.data)
    __stdout                                 0x200001f0   Data           4  stdout.o(.data)
    BlueSerial_RxPacket                      0x200003f8   Data         100  blueserial.o(.bss)
    BlueSerial_TxPacket                      0x2000045c   Data         100  blueserial.o(.bss)
    OLED_DisplayBuf                          0x200004c0   Data        1024  oled.o(.bss)
    htim2                                    0x200008c0   Data          72  main.o(.bss)
    htim3                                    0x20000908   Data          72  main.o(.bss)
    htim4                                    0x20000950   Data          72  main.o(.bss)
    huart1                                   0x20000998   Data          72  main.o(.bss)
    huart2                                   0x200009e0   Data          72  main.o(.bss)
    hdma_usart1_rx                           0x20000a28   Data          68  main.o(.bss)
    hdma_usart1_tx                           0x20000a6c   Data          68  main.o(.bss)
    hdma_usart2_tx                           0x20000ab0   Data          68  main.o(.bss)
    hdma_usart2_rx                           0x20000af4   Data          68  main.o(.bss)
    htim1                                    0x20000b38   Data          72  stm32f1xx_hal_timebase_tim.o(.bss)
    xQueueRegistry                           0x20000b80   Data          64  queue.o(.bss)
    __initial_sp                             0x20004460   Data           0  startup_stm32f103xb.o(STACK)



==============================================================================

Memory Map of the image

  Image Entry point : 0x080000ed

  Load Region LR_IROM1 (Base: 0x08000000, Size: 0x00007e68, Max: 0x00010000, ABSOLUTE, COMPRESSED[0x00007cbc])

    Execution Region ER_IROM1 (Exec base: 0x08000000, Load base: 0x08000000, Size: 0x00007c70, Max: 0x00010000, ABSOLUTE)

    Exec Addr    Load Addr    Size         Type   Attr      Idx    E Section Name        Object

    0x08000000   0x08000000   0x000000ec   Data   RO         1033    RESET               startup_stm32f103xb.o
    0x080000ec   0x080000ec   0x00000000   Code   RO         5565  * .ARM.Collect$$$$00000000  mc_w.l(entry.o)
    0x080000ec   0x080000ec   0x00000004   Code   RO         5916    .ARM.Collect$$$$00000001  mc_w.l(entry2.o)
    0x080000f0   0x080000f0   0x00000004   Code   RO         5919    .ARM.Collect$$$$00000004  mc_w.l(entry5.o)
    0x080000f4   0x080000f4   0x00000000   Code   RO         5921    .ARM.Collect$$$$00000008  mc_w.l(entry7b.o)
    0x080000f4   0x080000f4   0x00000000   Code   RO         5923    .ARM.Collect$$$$0000000A  mc_w.l(entry8b.o)
    0x080000f4   0x080000f4   0x00000008   Code   RO         5924    .ARM.Collect$$$$0000000B  mc_w.l(entry9a.o)
    0x080000fc   0x080000fc   0x00000000   Code   RO         5926    .ARM.Collect$$$$0000000D  mc_w.l(entry10a.o)
    0x080000fc   0x080000fc   0x00000000   Code   RO         5928    .ARM.Collect$$$$0000000F  mc_w.l(entry11a.o)
    0x080000fc   0x080000fc   0x00000004   Code   RO         5917    .ARM.Collect$$$$00002712  mc_w.l(entry2.o)
    0x08000100   0x08000100   0x00000096   Code   RO         5474    .emb_text           port.o
    0x08000196   0x08000196   0x00000002   PAD
    0x08000198   0x08000198   0x00000024   Code   RO         1034    .text               startup_stm32f103xb.o
    0x080001bc   0x080001bc   0x00000020   Code   RO         5568    .text               mc_w.l(llushr.o)
    0x080001dc   0x080001dc   0x00000024   Code   RO         5570    .text               mc_w.l(memcpya.o)
    0x08000200   0x08000200   0x00000024   Code   RO         5574    .text               mc_w.l(memseta.o)
    0x08000224   0x08000224   0x0000000e   Code   RO         5576    .text               mc_w.l(strlen.o)
    0x08000232   0x08000232   0x0000001c   Code   RO         5578    .text               mc_w.l(strcmp.o)
    0x0800024e   0x0800024e   0x00000012   Code   RO         5580    .text               mc_w.l(strcpy.o)
    0x08000260   0x08000260   0x00000044   Code   RO         5582    .text               mc_w.l(strtok.o)
    0x080002a4   0x080002a4   0x0000001a   Code   RO         5851    .text               mc_w.l(atoi.o)
    0x080002be   0x080002be   0x000000b0   Code   RO         5853    .text               mf_w.l(fadd.o)
    0x0800036e   0x0800036e   0x00000064   Code   RO         5855    .text               mf_w.l(fmul.o)
    0x080003d2   0x080003d2   0x0000007c   Code   RO         5857    .text               mf_w.l(fdiv.o)
    0x0800044e   0x0800044e   0x00000018   Code   RO         5859    .text               mf_w.l(fscalb.o)
    0x08000466   0x08000466   0x0000014e   Code   RO         5861    .text               mf_w.l(dadd.o)
    0x080005b4   0x080005b4   0x000000e4   Code   RO         5863    .text               mf_w.l(dmul.o)
    0x08000698   0x08000698   0x000000de   Code   RO         5865    .text               mf_w.l(ddiv.o)
    0x08000776   0x08000776   0x00000012   Code   RO         5867    .text               mf_w.l(fflti.o)
    0x08000788   0x08000788   0x00000022   Code   RO         5869    .text               mf_w.l(dflti.o)
    0x080007aa   0x080007aa   0x00000032   Code   RO         5873    .text               mf_w.l(ffixi.o)
    0x080007dc   0x080007dc   0x00000026   Code   RO         5879    .text               mf_w.l(f2d.o)
    0x08000802   0x08000802   0x00000002   PAD
    0x08000804   0x08000804   0x00000030   Code   RO         5883    .text               mf_w.l(cdrcmple.o)
    0x08000834   0x08000834   0x00000038   Code   RO         5885    .text               mf_w.l(d2f.o)
    0x0800086c   0x0800086c   0x00000014   Code   RO         5887    .text               mf_w.l(cfcmple.o)
    0x08000880   0x08000880   0x00000014   Code   RO         5889    .text               mf_w.l(cfrcmple.o)
    0x08000894   0x08000894   0x0000002c   Code   RO         5931    .text               mc_w.l(uidiv.o)
    0x080008c0   0x080008c0   0x00000062   Code   RO         5933    .text               mc_w.l(uldiv.o)
    0x08000922   0x08000922   0x0000001e   Code   RO         5935    .text               mc_w.l(llshl.o)
    0x08000940   0x08000940   0x00000024   Code   RO         5937    .text               mc_w.l(llsshr.o)
    0x08000964   0x08000964   0x0000009c   Code   RO         5946    .text               mc_w.l(strtod.o)
    0x08000a00   0x08000a00   0x00000070   Code   RO         5948    .text               mc_w.l(strtol.o)
    0x08000a70   0x08000a70   0x00000000   Code   RO         5950    .text               mc_w.l(iusefp.o)
    0x08000a70   0x08000a70   0x0000006e   Code   RO         5951    .text               mf_w.l(fepilogue.o)
    0x08000ade   0x08000ade   0x000000ba   Code   RO         5953    .text               mf_w.l(depilogue.o)
    0x08000b98   0x08000b98   0x00000030   Code   RO         5957    .text               mf_w.l(dfixul.o)
    0x08000bc8   0x08000bc8   0x00000024   Code   RO         5963    .text               mc_w.l(init.o)
    0x08000bec   0x08000bec   0x00000008   Code   RO         5967    .text               mc_w.l(ctype_o.o)
    0x08000bf4   0x08000bf4   0x00000012   Code   RO         5989    .text               mc_w.l(isspace_o.o)
    0x08000c06   0x08000c06   0x00000002   PAD
    0x08000c08   0x08000c08   0x00000360   Code   RO         5995    .text               mc_w.l(scanf_fp.o)
    0x08000f68   0x08000f68   0x00000040   Code   RO         5999    .text               mc_w.l(_sgetc.o)
    0x08000fa8   0x08000fa8   0x0000009e   Code   RO         6001    .text               mc_w.l(_strtoul.o)
    0x08001046   0x08001046   0x0000002e   Code   RO         6003    .text               mf_w.l(dscalb.o)
    0x08001074   0x08001074   0x0000001c   Code   RO         6008    .text               mc_w.l(_chval.o)
    0x08001090   0x08001090   0x00000018   Code   RO         6010    .text               mf_w.l(dfltul.o)
    0x080010a8   0x080010a8   0x00000056   Code   RO         6020    .text               mc_w.l(__dczerorl2.o)
    0x080010fe   0x080010fe   0x00000002   PAD
    0x08001100   0x08001100   0x00000014   Code   RO          278    i.BlueSerial_Init   blueserial.o
    0x08001114   0x08001114   0x00000002   Code   RO         1170    i.BusFault_Handler  stm32f1xx_it.o
    0x08001116   0x08001116   0x00000002   PAD
    0x08001118   0x08001118   0x0000000c   Code   RO         1171    i.DMA1_Channel4_IRQHandler  stm32f1xx_it.o
    0x08001124   0x08001124   0x0000000c   Code   RO         1172    i.DMA1_Channel5_IRQHandler  stm32f1xx_it.o
    0x08001130   0x08001130   0x0000000c   Code   RO         1173    i.DMA1_Channel6_IRQHandler  stm32f1xx_it.o
    0x0800113c   0x0800113c   0x0000000c   Code   RO         1174    i.DMA1_Channel7_IRQHandler  stm32f1xx_it.o
    0x08001148   0x08001148   0x00000002   Code   RO         1175    i.DebugMon_Handler  stm32f1xx_it.o
    0x0800114a   0x0800114a   0x00000002   PAD
    0x0800114c   0x0800114c   0x00000028   Code   RO          366    i.Encoder_Get       encoder.o
    0x08001174   0x08001174   0x00000020   Code   RO          367    i.Encoder_Init      encoder.o
    0x08001194   0x08001194   0x00000004   Code   RO         1041    i.Error_Handler     main.o
    0x08001198   0x08001198   0x0000000c   Code   RO          127    i.GetTimerForRunTimeStats  user_task.o
    0x080011a4   0x080011a4   0x00000046   Code   RO         2773    i.HAL_DMA_Abort     stm32f1xx_hal_dma.o
    0x080011ea   0x080011ea   0x00000002   PAD
    0x080011ec   0x080011ec   0x00000098   Code   RO         2774    i.HAL_DMA_Abort_IT  stm32f1xx_hal_dma.o
    0x08001284   0x08001284   0x00000154   Code   RO         2778    i.HAL_DMA_IRQHandler  stm32f1xx_hal_dma.o
    0x080013d8   0x080013d8   0x0000005c   Code   RO         2779    i.HAL_DMA_Init      stm32f1xx_hal_dma.o
    0x08001434   0x08001434   0x000001e0   Code   RO         2709    i.HAL_GPIO_Init     stm32f1xx_hal_gpio.o
    0x08001614   0x08001614   0x0000000a   Code   RO         2711    i.HAL_GPIO_ReadPin  stm32f1xx_hal_gpio.o
    0x0800161e   0x0800161e   0x0000000a   Code   RO         2713    i.HAL_GPIO_WritePin  stm32f1xx_hal_gpio.o
    0x08001628   0x08001628   0x0000000c   Code   RO         2403    i.HAL_GetTick       stm32f1xx_hal.o
    0x08001634   0x08001634   0x00000010   Code   RO         2409    i.HAL_IncTick       stm32f1xx_hal.o
    0x08001644   0x08001644   0x00000024   Code   RO         2410    i.HAL_Init          stm32f1xx_hal.o
    0x08001668   0x08001668   0x0000008c   Code   RO         1344    i.HAL_InitTick      stm32f1xx_hal_timebase_tim.o
    0x080016f4   0x080016f4   0x00000048   Code   RO         1277    i.HAL_MspInit       stm32f1xx_hal_msp.o
    0x0800173c   0x0800173c   0x0000001a   Code   RO         2869    i.HAL_NVIC_EnableIRQ  stm32f1xx_hal_cortex.o
    0x08001756   0x08001756   0x00000002   PAD
    0x08001758   0x08001758   0x00000040   Code   RO         2875    i.HAL_NVIC_SetPriority  stm32f1xx_hal_cortex.o
    0x08001798   0x08001798   0x00000024   Code   RO         2876    i.HAL_NVIC_SetPriorityGrouping  stm32f1xx_hal_cortex.o
    0x080017bc   0x080017bc   0x0000012c   Code   RO         2567    i.HAL_RCC_ClockConfig  stm32f1xx_hal_rcc.o
    0x080018e8   0x080018e8   0x00000040   Code   RO         2571    i.HAL_RCC_GetClockConfig  stm32f1xx_hal_rcc.o
    0x08001928   0x08001928   0x00000020   Code   RO         2574    i.HAL_RCC_GetPCLK1Freq  stm32f1xx_hal_rcc.o
    0x08001948   0x08001948   0x00000020   Code   RO         2575    i.HAL_RCC_GetPCLK2Freq  stm32f1xx_hal_rcc.o
    0x08001968   0x08001968   0x0000004c   Code   RO         2576    i.HAL_RCC_GetSysClockFreq  stm32f1xx_hal_rcc.o
    0x080019b4   0x080019b4   0x00000320   Code   RO         2579    i.HAL_RCC_OscConfig  stm32f1xx_hal_rcc.o
    0x08001cd4   0x08001cd4   0x00000002   Code   RO         2125    i.HAL_TIMEx_BreakCallback  stm32f1xx_hal_tim_ex.o
    0x08001cd6   0x08001cd6   0x00000002   Code   RO         2126    i.HAL_TIMEx_CommutCallback  stm32f1xx_hal_tim_ex.o
    0x08001cd8   0x08001cd8   0x00000068   Code   RO         2144    i.HAL_TIMEx_MasterConfigSynchronization  stm32f1xx_hal_tim_ex.o
    0x08001d40   0x08001d40   0x0000005a   Code   RO         1421    i.HAL_TIM_Base_Init  stm32f1xx_hal_tim.o
    0x08001d9a   0x08001d9a   0x00000002   PAD
    0x08001d9c   0x08001d9c   0x00000038   Code   RO         1279    i.HAL_TIM_Base_MspInit  stm32f1xx_hal_msp.o
    0x08001dd4   0x08001dd4   0x00000050   Code   RO         1424    i.HAL_TIM_Base_Start  stm32f1xx_hal_tim.o
    0x08001e24   0x08001e24   0x00000058   Code   RO         1426    i.HAL_TIM_Base_Start_IT  stm32f1xx_hal_tim.o
    0x08001e7c   0x08001e7c   0x000000dc   Code   RO         1430    i.HAL_TIM_ConfigClockSource  stm32f1xx_hal_tim.o
    0x08001f58   0x08001f58   0x000000a4   Code   RO         1442    i.HAL_TIM_Encoder_Init  stm32f1xx_hal_tim.o
    0x08001ffc   0x08001ffc   0x0000008c   Code   RO         1281    i.HAL_TIM_Encoder_MspInit  stm32f1xx_hal_msp.o
    0x08002088   0x08002088   0x0000008e   Code   RO         1445    i.HAL_TIM_Encoder_Start  stm32f1xx_hal_tim.o
    0x08002116   0x08002116   0x00000002   Code   RO         1455    i.HAL_TIM_IC_CaptureCallback  stm32f1xx_hal_tim.o
    0x08002118   0x08002118   0x00000130   Code   RO         1469    i.HAL_TIM_IRQHandler  stm32f1xx_hal_tim.o
    0x08002248   0x08002248   0x00000048   Code   RO         1282    i.HAL_TIM_MspPostInit  stm32f1xx_hal_msp.o
    0x08002290   0x08002290   0x00000002   Code   RO         1472    i.HAL_TIM_OC_DelayElapsedCallback  stm32f1xx_hal_tim.o
    0x08002292   0x08002292   0x000000cc   Code   RO         1493    i.HAL_TIM_PWM_ConfigChannel  stm32f1xx_hal_tim.o
    0x0800235e   0x0800235e   0x0000005a   Code   RO         1496    i.HAL_TIM_PWM_Init  stm32f1xx_hal_tim.o
    0x080023b8   0x080023b8   0x00000002   Code   RO         1498    i.HAL_TIM_PWM_MspInit  stm32f1xx_hal_tim.o
    0x080023ba   0x080023ba   0x00000002   Code   RO         1499    i.HAL_TIM_PWM_PulseFinishedCallback  stm32f1xx_hal_tim.o
    0x080023bc   0x080023bc   0x0000009c   Code   RO         1501    i.HAL_TIM_PWM_Start  stm32f1xx_hal_tim.o
    0x08002458   0x08002458   0x00000014   Code   RO         1042    i.HAL_TIM_PeriodElapsedCallback  main.o
    0x0800246c   0x0800246c   0x00000002   Code   RO         1512    i.HAL_TIM_TriggerCallback  stm32f1xx_hal_tim.o
    0x0800246e   0x0800246e   0x00000002   Code   RO         3381    i.HAL_UARTEx_RxEventCallback  stm32f1xx_hal_uart.o
    0x08002470   0x08002470   0x00000002   Code   RO         3395    i.HAL_UART_ErrorCallback  stm32f1xx_hal_uart.o
    0x08002472   0x08002472   0x00000002   PAD
    0x08002474   0x08002474   0x0000026c   Code   RO         3398    i.HAL_UART_IRQHandler  stm32f1xx_hal_uart.o
    0x080026e0   0x080026e0   0x00000064   Code   RO         3399    i.HAL_UART_Init     stm32f1xx_hal_uart.o
    0x08002744   0x08002744   0x0000019c   Code   RO         1284    i.HAL_UART_MspInit  stm32f1xx_hal_msp.o
    0x080028e0   0x080028e0   0x0000001c   Code   RO         3404    i.HAL_UART_Receive_IT  stm32f1xx_hal_uart.o
    0x080028fc   0x080028fc   0x00000090   Code   RO          286    i.HAL_UART_RxCpltCallback  blueserial.o
    0x0800298c   0x0800298c   0x00000002   Code   RO         3410    i.HAL_UART_TxCpltCallback  stm32f1xx_hal_uart.o
    0x0800298e   0x0800298e   0x00000002   Code   RO         1176    i.HardFault_Handler  stm32f1xx_it.o
    0x08002990   0x08002990   0x00000014   Code   RO          400    i.Key_GetNum        key.o
    0x080029a4   0x080029a4   0x0000004c   Code   RO          401    i.Key_GetState      key.o
    0x080029f0   0x080029f0   0x00000002   Code   RO          402    i.Key_Init          key.o
    0x080029f2   0x080029f2   0x00000002   PAD
    0x080029f4   0x080029f4   0x00000030   Code   RO          403    i.Key_Tick          key.o
    0x08002a24   0x08002a24   0x00000002   Code   RO          445    i.LED_Init          led.o
    0x08002a26   0x08002a26   0x00000002   PAD
    0x08002a28   0x08002a28   0x00000010   Code   RO          446    i.LED_OFF           led.o
    0x08002a38   0x08002a38   0x00000010   Code   RO          447    i.LED_ON            led.o
    0x08002a48   0x08002a48   0x00000052   Code   RO          520    i.MPU6050_GetData   mpu6050.o
    0x08002a9a   0x08002a9a   0x0000003a   Code   RO          522    i.MPU6050_Init      mpu6050.o
    0x08002ad4   0x08002ad4   0x0000005c   Code   RO          524    i.MPU6050_ReadRegs  mpu6050.o
    0x08002b30   0x08002b30   0x00000030   Code   RO          525    i.MPU6050_WriteReg  mpu6050.o
    0x08002b60   0x08002b60   0x000000fc   Code   RO         1043    i.MX_GPIO_Init      main.o
    0x08002c5c   0x08002c5c   0x000000b8   Code   RO         1044    i.MX_TIM2_Init      main.o
    0x08002d14   0x08002d14   0x00000070   Code   RO         1045    i.MX_TIM3_Init      main.o
    0x08002d84   0x08002d84   0x00000074   Code   RO         1046    i.MX_TIM4_Init      main.o
    0x08002df8   0x08002df8   0x00000002   Code   RO         1177    i.MemManage_Handler  stm32f1xx_it.o
    0x08002dfa   0x08002dfa   0x00000004   Code   RO          487    i.Motor_Init        motor.o
    0x08002dfe   0x08002dfe   0x00000002   PAD
    0x08002e00   0x08002e00   0x00000090   Code   RO          488    i.Motor_SetPWM      motor.o
    0x08002e90   0x08002e90   0x00000010   Code   RO          583    i.MyI2C_Init        myi2c.o
    0x08002ea0   0x08002ea0   0x00000018   Code   RO          584    i.MyI2C_R_SDA       myi2c.o
    0x08002eb8   0x08002eb8   0x0000001e   Code   RO          585    i.MyI2C_ReceiveAck  myi2c.o
    0x08002ed6   0x08002ed6   0x00000034   Code   RO          586    i.MyI2C_ReceiveByte  myi2c.o
    0x08002f0a   0x08002f0a   0x00000016   Code   RO          587    i.MyI2C_SendAck     myi2c.o
    0x08002f20   0x08002f20   0x00000028   Code   RO          588    i.MyI2C_SendByte    myi2c.o
    0x08002f48   0x08002f48   0x0000001e   Code   RO          589    i.MyI2C_Start       myi2c.o
    0x08002f66   0x08002f66   0x00000018   Code   RO          590    i.MyI2C_Stop        myi2c.o
    0x08002f7e   0x08002f7e   0x00000002   PAD
    0x08002f80   0x08002f80   0x00000018   Code   RO          591    i.MyI2C_W_SCL       myi2c.o
    0x08002f98   0x08002f98   0x00000018   Code   RO          592    i.MyI2C_W_SDA       myi2c.o
    0x08002fb0   0x08002fb0   0x00000002   Code   RO         1178    i.NMI_Handler       stm32f1xx_it.o
    0x08002fb2   0x08002fb2   0x00000002   PAD
    0x08002fb4   0x08002fb4   0x00000028   Code   RO          659    i.OLED_Clear        oled.o
    0x08002fdc   0x08002fdc   0x0000005c   Code   RO          660    i.OLED_ClearArea    oled.o
    0x08003038   0x08003038   0x00000026   Code   RO          668    i.OLED_GPIO_Init    oled.o
    0x0800305e   0x0800305e   0x0000003a   Code   RO          670    i.OLED_I2C_SendByte  oled.o
    0x08003098   0x08003098   0x0000001e   Code   RO          671    i.OLED_I2C_Start    oled.o
    0x080030b6   0x080030b6   0x00000018   Code   RO          672    i.OLED_I2C_Stop     oled.o
    0x080030ce   0x080030ce   0x0000009c   Code   RO          673    i.OLED_Init         oled.o
    0x0800316a   0x0800316a   0x0000002a   Code   RO          676    i.OLED_Printf       oled.o
    0x08003194   0x08003194   0x00000022   Code   RO          679    i.OLED_SetCursor    oled.o
    0x080031b6   0x080031b6   0x00000002   PAD
    0x080031b8   0x080031b8   0x0000003c   Code   RO          681    i.OLED_ShowChar     oled.o
    0x080031f4   0x080031f4   0x000000bc   Code   RO          684    i.OLED_ShowImage    oled.o
    0x080032b0   0x080032b0   0x0000016c   Code   RO          687    i.OLED_ShowString   oled.o
    0x0800341c   0x0800341c   0x00000028   Code   RO          688    i.OLED_Update       oled.o
    0x08003444   0x08003444   0x00000018   Code   RO          690    i.OLED_W_SCL        oled.o
    0x0800345c   0x0800345c   0x00000018   Code   RO          691    i.OLED_W_SDA        oled.o
    0x08003474   0x08003474   0x00000022   Code   RO          692    i.OLED_WriteCommand  oled.o
    0x08003496   0x08003496   0x00000030   Code   RO          693    i.OLED_WriteData    oled.o
    0x080034c6   0x080034c6   0x00000012   Code   RO            4    i.PID_Init          pid.o
    0x080034d8   0x080034d8   0x000000aa   Code   RO            5    i.PID_Update        pid.o
    0x08003582   0x08003582   0x00000002   PAD
    0x08003584   0x08003584   0x0000001c   Code   RO          921    i.PWM_Init          pwm.o
    0x080035a0   0x080035a0   0x0000000c   Code   RO          922    i.PWM_SetCompare1   pwm.o
    0x080035ac   0x080035ac   0x0000000c   Code   RO          923    i.PWM_SetCompare2   pwm.o
    0x080035b8   0x080035b8   0x00000014   Code   RO          959    i.Serial_Init       serial.o
    0x080035cc   0x080035cc   0x00000024   Code   RO          128    i.StartTimerForRunTimeStats  user_task.o
    0x080035f0   0x080035f0   0x0000001a   Code   RO         4909    i.SysTick_Handler   cmsis_os2.o
    0x0800360a   0x0800360a   0x0000005e   Code   RO         1047    i.SystemClock_Config  main.o
    0x08003668   0x08003668   0x00000002   Code   RO         3733    i.SystemInit        system_stm32f1xx.o
    0x0800366a   0x0800366a   0x00000002   PAD
    0x0800366c   0x0800366c   0x00000058   Code   RO         1179    i.TIM1_UP_IRQHandler  stm32f1xx_it.o
    0x080036c4   0x080036c4   0x0000000c   Code   RO         1180    i.TIM2_IRQHandler   stm32f1xx_it.o
    0x080036d0   0x080036d0   0x00000078   Code   RO         1514    i.TIM_Base_SetConfig  stm32f1xx_hal_tim.o
    0x08003748   0x08003748   0x0000001a   Code   RO         1515    i.TIM_CCxChannelCmd  stm32f1xx_hal_tim.o
    0x08003762   0x08003762   0x00000014   Code   RO         1525    i.TIM_ETR_SetConfig  stm32f1xx_hal_tim.o
    0x08003776   0x08003776   0x00000010   Code   RO         1526    i.TIM_ITRx_SetConfig  stm32f1xx_hal_tim.o
    0x08003786   0x08003786   0x00000002   PAD
    0x08003788   0x08003788   0x00000050   Code   RO         1527    i.TIM_OC1_SetConfig  stm32f1xx_hal_tim.o
    0x080037d8   0x080037d8   0x00000058   Code   RO         1528    i.TIM_OC2_SetConfig  stm32f1xx_hal_tim.o
    0x08003830   0x08003830   0x00000058   Code   RO         1529    i.TIM_OC3_SetConfig  stm32f1xx_hal_tim.o
    0x08003888   0x08003888   0x00000044   Code   RO         1530    i.TIM_OC4_SetConfig  stm32f1xx_hal_tim.o
    0x080038cc   0x080038cc   0x00000022   Code   RO         1532    i.TIM_TI1_ConfigInputStage  stm32f1xx_hal_tim.o
    0x080038ee   0x080038ee   0x00000024   Code   RO         1534    i.TIM_TI2_ConfigInputStage  stm32f1xx_hal_tim.o
    0x08003912   0x08003912   0x00000010   Code   RO         3412    i.UART_DMAAbortOnError  stm32f1xx_hal_uart.o
    0x08003922   0x08003922   0x0000004e   Code   RO         3422    i.UART_EndRxTransfer  stm32f1xx_hal_uart.o
    0x08003970   0x08003970   0x000000c2   Code   RO         3424    i.UART_Receive_IT   stm32f1xx_hal_uart.o
    0x08003a32   0x08003a32   0x00000002   PAD
    0x08003a34   0x08003a34   0x000000b8   Code   RO         3425    i.UART_SetConfig    stm32f1xx_hal_uart.o
    0x08003aec   0x08003aec   0x00000036   Code   RO         3427    i.UART_Start_Receive_IT  stm32f1xx_hal_uart.o
    0x08003b22   0x08003b22   0x00000002   PAD
    0x08003b24   0x08003b24   0x0000000c   Code   RO         1181    i.USART1_IRQHandler  stm32f1xx_it.o
    0x08003b30   0x08003b30   0x0000000c   Code   RO         1182    i.USART2_IRQHandler  stm32f1xx_it.o
    0x08003b3c   0x08003b3c   0x00000002   Code   RO         1183    i.UsageFault_Handler  stm32f1xx_it.o
    0x08003b3e   0x08003b3e   0x00000002   PAD
    0x08003b40   0x08003b40   0x00000020   Code   RO         5823    i.__0printf         mc_w.l(printfa.o)
    0x08003b60   0x08003b60   0x00000028   Code   RO         5825    i.__0sprintf        mc_w.l(printfa.o)
    0x08003b88   0x08003b88   0x00000024   Code   RO         5829    i.__0vsprintf       mc_w.l(printfa.o)
    0x08003bac   0x08003bac   0x00000028   Code   RO         5959    i.__ARM_fpclassify  m_ws.l(fpclassify.o)
    0x08003bd4   0x08003bd4   0x00000020   Code   RO         2882    i.__NVIC_SetPriority  stm32f1xx_hal_cortex.o
    0x08003bf4   0x08003bf4   0x00000008   Code   RO         5939    i.__aeabi_errno_addr  mc_w.l(errno.o)
    0x08003bfc   0x08003bfc   0x000000aa   Code   RO         5961    i.__kernel_poly     m_ws.l(poly.o)
    0x08003ca6   0x08003ca6   0x00000006   Code   RO         5902    i.__mathlib_dbl_infnan  m_ws.l(dunder.o)
    0x08003cac   0x08003cac   0x00000004   Code   RO         5903    i.__mathlib_dbl_infnan2  m_ws.l(dunder.o)
    0x08003cb0   0x08003cb0   0x00000010   Code   RO         5907    i.__mathlib_dbl_underflow  m_ws.l(dunder.o)
    0x08003cc0   0x08003cc0   0x0000000c   Code   RO         5940    i.__read_errno      mc_w.l(errno.o)
    0x08003ccc   0x08003ccc   0x0000000e   Code   RO         6014    i.__scatterload_copy  mc_w.l(handlers.o)
    0x08003cda   0x08003cda   0x00000002   Code   RO         6015    i.__scatterload_null  mc_w.l(handlers.o)
    0x08003cdc   0x08003cdc   0x0000000e   Code   RO         6016    i.__scatterload_zeroinit  mc_w.l(handlers.o)
    0x08003cea   0x08003cea   0x00000002   PAD
    0x08003cec   0x08003cec   0x0000000c   Code   RO         5941    i.__set_errno       mc_w.l(errno.o)
    0x08003cf8   0x08003cf8   0x00000184   Code   RO         5830    i._fp_digits        mc_w.l(printfa.o)
    0x08003e7c   0x08003e7c   0x0000000e   Code   RO         5997    i._is_digit         mc_w.l(scanf_fp.o)
    0x08003e8a   0x08003e8a   0x00000002   PAD
    0x08003e8c   0x08003e8c   0x000006dc   Code   RO         5831    i._printf_core      mc_w.l(printfa.o)
    0x08004568   0x08004568   0x00000024   Code   RO         5832    i._printf_post_padding  mc_w.l(printfa.o)
    0x0800458c   0x0800458c   0x0000002e   Code   RO         5833    i._printf_pre_padding  mc_w.l(printfa.o)
    0x080045ba   0x080045ba   0x0000000a   Code   RO         5835    i._sputc            mc_w.l(printfa.o)
    0x080045c4   0x080045c4   0x00000220   Code   RO         5892    i.atan              m_ws.l(atan.o)
    0x080047e4   0x080047e4   0x00000180   Code   RO         5552    i.atan2             m_ws.l(atan2.o)
    0x08004964   0x08004964   0x0000002a   Code   RO         5560    i.atof              m_ws.l(atof.o)
    0x0800498e   0x0800498e   0x00000002   PAD
    0x08004990   0x08004990   0x00000074   Code   RO         4339    i.eTaskGetState     tasks.o
    0x08004a04   0x08004a04   0x00000014   Code   RO          129    i.fputc             user_task.o
    0x08004a18   0x08004a18   0x0000018c   Code   RO         1048    i.main              main.o
    0x08004ba4   0x08004ba4   0x00000024   Code   RO         4925    i.osKernelInitialize  cmsis_os2.o
    0x08004bc8   0x08004bc8   0x00000038   Code   RO         4928    i.osKernelStart     cmsis_os2.o
    0x08004c00   0x08004c00   0x00000058   Code   RO         4945    i.osMessageQueueNew  cmsis_os2.o
    0x08004c58   0x08004c58   0x0000008a   Code   RO         4970    i.osThreadNew       cmsis_os2.o
    0x08004ce2   0x08004ce2   0x00000002   PAD
    0x08004ce4   0x08004ce4   0x0000005c   Code   RO         4341    i.prvAddCurrentTaskToDelayedList  tasks.o
    0x08004d40   0x08004d40   0x000000d0   Code   RO         4342    i.prvAddNewTaskToReadyList  tasks.o
    0x08004e10   0x08004e10   0x00000058   Code   RO         4738    i.prvCheckForValidListAndQueue  timers.o
    0x08004e68   0x08004e68   0x00000026   Code   RO         3938    i.prvCopyDataFromQueue  queue.o
    0x08004e8e   0x08004e8e   0x0000006c   Code   RO         3939    i.prvCopyDataToQueue  queue.o
    0x08004efa   0x08004efa   0x00000034   Code   RO         4343    i.prvDeleteTCB      tasks.o
    0x08004f2e   0x08004f2e   0x00000002   PAD
    0x08004f30   0x08004f30   0x0000004c   Code   RO         5419    i.prvHeapInit       heap_4.o
    0x08004f7c   0x08004f7c   0x00000060   Code   RO         4344    i.prvIdleTask       tasks.o
    0x08004fdc   0x08004fdc   0x00000022   Code   RO         3941    i.prvInitialiseNewQueue  queue.o
    0x08004ffe   0x08004ffe   0x00000002   PAD
    0x08005000   0x08005000   0x000000b2   Code   RO         4345    i.prvInitialiseNewTask  tasks.o
    0x080050b2   0x080050b2   0x00000002   PAD
    0x080050b4   0x080050b4   0x0000004c   Code   RO         5420    i.prvInsertBlockIntoFreeList  heap_4.o
    0x08005100   0x08005100   0x00000038   Code   RO         4740    i.prvInsertTimerInActiveList  timers.o
    0x08005138   0x08005138   0x0000001c   Code   RO         3942    i.prvIsQueueEmpty   queue.o
    0x08005154   0x08005154   0x00000058   Code   RO         4346    i.prvListTasksWithinSingleList  tasks.o
    0x080051ac   0x080051ac   0x000000fc   Code   RO         4741    i.prvProcessReceivedCommands  timers.o
    0x080052a8   0x080052a8   0x000000c0   Code   RO         4742    i.prvProcessTimerOrBlockTask  timers.o
    0x08005368   0x08005368   0x00000020   Code   RO         4347    i.prvResetNextTaskUnblockTime  tasks.o
    0x08005388   0x08005388   0x00000028   Code   RO         4743    i.prvSampleTimeNow  timers.o
    0x080053b0   0x080053b0   0x0000006c   Code   RO         4744    i.prvSwitchTimerLists  timers.o
    0x0800541c   0x0800541c   0x00000014   Code   RO         4349    i.prvTaskCheckFreeStackSpace  tasks.o
    0x08005430   0x08005430   0x00000028   Code   RO         5475    i.prvTaskExitError  port.o
    0x08005458   0x08005458   0x00000024   Code   RO         4745    i.prvTimerTask      timers.o
    0x0800547c   0x0800547c   0x0000006a   Code   RO         3943    i.prvUnlockQueue    queue.o
    0x080054e6   0x080054e6   0x00000022   Code   RO         4351    i.prvWriteNameToBuffer  tasks.o
    0x08005508   0x08005508   0x000000dc   Code   RO         5421    i.pvPortMalloc      heap_4.o
    0x080055e4   0x080055e4   0x00000024   Code   RO         5476    i.pxPortInitialiseStack  port.o
    0x08005608   0x08005608   0x00000068   Code   RO         4353    i.ulTaskNotifyTake  tasks.o
    0x08005670   0x08005670   0x00000026   Code   RO         3898    i.uxListRemove      list.o
    0x08005696   0x08005696   0x00000002   PAD
    0x08005698   0x08005698   0x000000ac   Code   RO         4357    i.uxTaskGetSystemState  tasks.o
    0x08005744   0x08005744   0x00000014   Code   RO         4982    i.vApplicationGetIdleTaskMemory  cmsis_os2.o
    0x08005758   0x08005758   0x00000018   Code   RO         4983    i.vApplicationGetTimerTaskMemory  cmsis_os2.o
    0x08005770   0x08005770   0x00000006   Code   RO         1049    i.vBalance          main.o
    0x08005776   0x08005776   0x00000006   Code   RO         1050    i.vComms            main.o
    0x0800577c   0x0800577c   0x00000016   Code   RO         3899    i.vListInitialise   list.o
    0x08005792   0x08005792   0x00000006   Code   RO         3900    i.vListInitialiseItem  list.o
    0x08005798   0x08005798   0x00000030   Code   RO         3901    i.vListInsert       list.o
    0x080057c8   0x080057c8   0x00000018   Code   RO         3902    i.vListInsertEnd    list.o
    0x080057e0   0x080057e0   0x00000040   Code   RO         5478    i.vPortEnterCritical  port.o
    0x08005820   0x08005820   0x00000028   Code   RO         5479    i.vPortExitCritical  port.o
    0x08005848   0x08005848   0x00000064   Code   RO         5422    i.vPortFree         heap_4.o
    0x080058ac   0x080058ac   0x00000024   Code   RO         5480    i.vPortSetupTimerInterrupt  port.o
    0x080058d0   0x080058d0   0x00000054   Code   RO         5481    i.vPortValidateInterruptPriority  port.o
    0x08005924   0x08005924   0x00000028   Code   RO         3949    i.vQueueAddToRegistry  queue.o
    0x0800594c   0x0800594c   0x00000044   Code   RO         3953    i.vQueueWaitForMessageRestricted  queue.o
    0x08005990   0x08005990   0x00000006   Code   RO         1051    i.vSpeed            main.o
    0x08005996   0x08005996   0x00000002   PAD
    0x08005998   0x08005998   0x0000008c   Code   RO         4363    i.vTaskDelayUntil   tasks.o
    0x08005a24   0x08005a24   0x00000078   Code   RO         4366    i.vTaskGetInfo      tasks.o
    0x08005a9c   0x08005a9c   0x000000a4   Code   RO         4367    i.vTaskGetRunTimeStats  tasks.o
    0x08005b40   0x08005b40   0x00000010   Code   RO         4368    i.vTaskInternalSetTimeOutState  tasks.o
    0x08005b50   0x08005b50   0x0000000c   Code   RO         4370    i.vTaskMissedYield  tasks.o
    0x08005b5c   0x08005b5c   0x000000b0   Code   RO         4371    i.vTaskNotifyGiveFromISR  tasks.o
    0x08005c0c   0x08005c0c   0x00000030   Code   RO         4372    i.vTaskPlaceOnEventList  tasks.o
    0x08005c3c   0x08005c3c   0x00000038   Code   RO         4373    i.vTaskPlaceOnEventListRestricted  tasks.o
    0x08005c74   0x08005c74   0x0000008c   Code   RO         4381    i.vTaskStartScheduler  tasks.o
    0x08005d00   0x08005d00   0x00000010   Code   RO         4383    i.vTaskSuspendAll   tasks.o
    0x08005d10   0x08005d10   0x0000007c   Code   RO         4384    i.vTaskSwitchContext  tasks.o
    0x08005d8c   0x08005d8c   0x000001ec   Code   RO          130    i.vTask_Balance     user_task.o
    0x08005f78   0x08005f78   0x00000368   Code   RO          131    i.vTask_Comms       user_task.o
    0x080062e0   0x080062e0   0x00000104   Code   RO          132    i.vTask_Speed       user_task.o
    0x080063e4   0x080063e4   0x000002d8   Code   RO          133    i.vTask_UI          user_task.o
    0x080066bc   0x080066bc   0x00000006   Code   RO         1052    i.vUI               main.o
    0x080066c2   0x080066c2   0x00000002   PAD
    0x080066c4   0x080066c4   0x000000a8   Code   RO         5482    i.xPortStartScheduler  port.o
    0x0800676c   0x0800676c   0x0000002c   Code   RO         5483    i.xPortSysTickHandler  port.o
    0x08006798   0x08006798   0x00000042   Code   RO         3958    i.xQueueGenericCreate  queue.o
    0x080067da   0x080067da   0x00000066   Code   RO         3959    i.xQueueGenericCreateStatic  queue.o
    0x08006840   0x08006840   0x00000088   Code   RO         3960    i.xQueueGenericReset  queue.o
    0x080068c8   0x080068c8   0x00000160   Code   RO         3961    i.xQueueGenericSend  queue.o
    0x08006a28   0x08006a28   0x000000be   Code   RO         3962    i.xQueueGenericSendFromISR  queue.o
    0x08006ae6   0x08006ae6   0x00000002   PAD
    0x08006ae8   0x08006ae8   0x00000138   Code   RO         3971    i.xQueueReceive     queue.o
    0x08006c20   0x08006c20   0x00000074   Code   RO         4386    i.xTaskCheckForTimeOut  tasks.o
    0x08006c94   0x08006c94   0x0000005a   Code   RO         4387    i.xTaskCreate       tasks.o
    0x08006cee   0x08006cee   0x00000056   Code   RO         4388    i.xTaskCreateStatic  tasks.o
    0x08006d44   0x08006d44   0x0000001c   Code   RO         4393    i.xTaskGetSchedulerState  tasks.o
    0x08006d60   0x08006d60   0x0000000c   Code   RO         4394    i.xTaskGetTickCount  tasks.o
    0x08006d6c   0x08006d6c   0x000000c8   Code   RO         4396    i.xTaskIncrementTick  tasks.o
    0x08006e34   0x08006e34   0x00000080   Code   RO         4399    i.xTaskPriorityDisinherit  tasks.o
    0x08006eb4   0x08006eb4   0x00000070   Code   RO         4401    i.xTaskRemoveFromEventList  tasks.o
    0x08006f24   0x08006f24   0x000000c4   Code   RO         4402    i.xTaskResumeAll    tasks.o
    0x08006fe8   0x08006fe8   0x00000060   Code   RO         4754    i.xTimerCreateTimerTask  timers.o
    0x08007048   0x08007048   0x00000068   Code   RO         4755    i.xTimerGenericCommand  timers.o
    0x080070b0   0x080070b0   0x000005f0   Data   RO          894    .constdata          oled_data.o
    0x080076a0   0x080076a0   0x0000023a   Data   RO          895    .constdata          oled_data.o
    0x080078da   0x080078da   0x00000103   Data   RO          896    .constdata          oled_data.o
    0x080079dd   0x080079dd   0x00000003   PAD
    0x080079e0   0x080079e0   0x000000d8   Data   RO         1058    .constdata          main.o
    0x08007ab8   0x08007ab8   0x00000012   Data   RO         2580    .constdata          stm32f1xx_hal_rcc.o
    0x08007aca   0x08007aca   0x00000010   Data   RO         3734    .constdata          system_stm32f1xx.o
    0x08007ada   0x08007ada   0x00000008   Data   RO         3735    .constdata          system_stm32f1xx.o
    0x08007ae2   0x08007ae2   0x00000006   PAD
    0x08007ae8   0x08007ae8   0x00000098   Data   RO         5893    .constdata          m_ws.l(atan.o)
    0x08007b80   0x08007b80   0x00000008   Data   RO         5915    .constdata          m_ws.l(qnan.o)
    0x08007b88   0x08007b88   0x00000081   Data   RO         5968    .constdata          mc_w.l(ctype_o.o)
    0x08007c09   0x08007c09   0x00000003   PAD
    0x08007c0c   0x08007c0c   0x00000004   Data   RO         5969    .constdata          mc_w.l(ctype_o.o)
    0x08007c10   0x08007c10   0x0000003e   Data   RO         1059    .conststring        main.o
    0x08007c4e   0x08007c4e   0x00000002   PAD
    0x08007c50   0x08007c50   0x00000020   Data   RO         6012    Region$$Table       anon$$obj.o


    Execution Region RW_IRAM1 (Exec base: 0x20000000, Load base: 0x08007c70, Size: 0x00004460, Max: 0x00005000, ABSOLUTE, COMPRESSED[0x0000004c])

    Exec Addr    Load Addr    Size         Type   Attr      Idx    E Section Name        Object

    0x20000000   COMPRESSED   0x00000118   Data   RW          135    .data               user_task.o
    0x20000118   COMPRESSED   0x00000005   Data   RW          288    .data               blueserial.o
    0x2000011d   COMPRESSED   0x00000004   Data   RW          404    .data               key.o
    0x20000121   COMPRESSED   0x00000002   Data   RW          966    .data               serial.o
    0x20000123   COMPRESSED   0x00000001   PAD
    0x20000124   COMPRESSED   0x0000002c   Data   RW         1060    .data               main.o
    0x20000150   COMPRESSED   0x00000002   Data   RW         1184    .data               stm32f1xx_it.o
    0x20000152   COMPRESSED   0x00000002   PAD
    0x20000154   COMPRESSED   0x0000000c   Data   RW         2417    .data               stm32f1xx_hal.o
    0x20000160   COMPRESSED   0x00000004   Data   RW         3736    .data               system_stm32f1xx.o
    0x20000164   COMPRESSED   0x00000044   Data   RW         4405    .data               tasks.o
    0x200001a8   COMPRESSED   0x00000014   Data   RW         4763    .data               timers.o
    0x200001bc   COMPRESSED   0x00000004   Data   RW         4985    .data               cmsis_os2.o
    0x200001c0   COMPRESSED   0x00000020   Data   RW         5428    .data               heap_4.o
    0x200001e0   COMPRESSED   0x0000000c   Data   RW         5484    .data               port.o
    0x200001ec   COMPRESSED   0x00000004   Data   RW         5583    .data               mc_w.l(strtok.o)
    0x200001f0   COMPRESSED   0x00000004   Data   RW         5930    .data               mc_w.l(stdout.o)
    0x200001f4   COMPRESSED   0x00000004   Data   RW         5942    .data               mc_w.l(errno.o)
    0x200001f8        -       0x00000200   Zero   RW          134    .bss                user_task.o
    0x200003f8        -       0x000000c8   Zero   RW          287    .bss                blueserial.o
    0x200004c0        -       0x00000400   Zero   RW          695    .bss                oled.o
    0x200008c0        -       0x00000168   Zero   RW         1053    .bss                main.o
    0x20000a28        -       0x00000044   Zero   RW         1054    .bss                main.o
    0x20000a6c        -       0x00000044   Zero   RW         1055    .bss                main.o
    0x20000ab0        -       0x00000044   Zero   RW         1056    .bss                main.o
    0x20000af4        -       0x00000044   Zero   RW         1057    .bss                main.o
    0x20000b38        -       0x00000048   Zero   RW         1347    .bss                stm32f1xx_hal_timebase_tim.o
    0x20000b80        -       0x00000040   Zero   RW         3975    .bss                queue.o
    0x20000bc0        -       0x000004c4   Zero   RW         4404    .bss                tasks.o
    0x20001084        -       0x00000118   Zero   RW         4762    .bss                timers.o
    0x2000119c        -       0x000006c0   Zero   RW         4984    .bss                cmsis_os2.o
    0x2000185c        -       0x00002800   Zero   RW         5427    .bss                heap_4.o
    0x2000405c   COMPRESSED   0x00000004   PAD
    0x20004060        -       0x00000400   Zero   RW         1031    STACK               startup_stm32f103xb.o


==============================================================================

Image component sizes


      Code (inc. data)   RO Data    RW Data    ZI Data      Debug   Object Name

       164         44          0          5        200       3008   blueserial.o
       388         22          0          4       1728      55909   cmsis_os2.o
        72         20          0          0          0       1009   encoder.o
         0          0          0          0          0      19460   event_groups.o
       472         24          0         32      10240       4743   heap_4.o
       146         20          0          4          0       2168   key.o
        34         10          0          0          0       1178   led.o
       138          0          0          0          0       3374   list.o
      1202         86        278         44        632       8733   main.o
       148          4          0          0          0       1112   motor.o
       280          0          0          0          0       2847   mpu6050.o
       286         20          0          0          0       5042   myi2c.o
      1296         52          0          0       1024      10962   oled.o
         0          0       2349          0          0       1118   oled_data.o
       188          0          0          0          0     427384   pid.o
       662         70          0         12          0      10689   port.o
        52         14          0          0          0       1339   pwm.o
      1580         20          0          0         64      17982   queue.o
        20         10          0          2          0        684   serial.o
        36          8        236          0       1024        768   startup_stm32f103xb.o
        64         14          0         12          0       4622   stm32f1xx_hal.o
       158         14          0          0          0      28170   stm32f1xx_hal_cortex.o
       654         36          0          0          0       3371   stm32f1xx_hal_dma.o
       500         34          0          0          0       3503   stm32f1xx_hal_gpio.o
       752         84          0          0          0       4102   stm32f1xx_hal_msp.o
      1304         94         18          0          0       5713   stm32f1xx_hal_rcc.o
      2124         70          0          0          0      18594   stm32f1xx_hal_tim.o
       108         12          0          0          0       2389   stm32f1xx_hal_tim_ex.o
       140         22          0          0         72       1415   stm32f1xx_hal_timebase_tim.o
      1280         10          0          0          0       8808   stm32f1xx_hal_uart.o
       184         60          0          2          0       6236   stm32f1xx_it.o
         0          0          0          0          0        384   stream_buffer.o
         2          0         24          4          0       1107   system_stm32f1xx.o
      3172        246          0         68       1220      34442   tasks.o
       972         80          0         20        280      29339   timers.o
      2420        520          0        280        512      26481   user_task.o

    ----------------------------------------------------------------------
     21052       1720       2948        492      17000     758185   Object Totals
         0          0         32          0          0          0   (incl. Generated)
        54          0         11          3          4          0   (incl. Padding)

    ----------------------------------------------------------------------

      Code (inc. data)   RO Data    RW Data    ZI Data      Debug   Library Member Name

       544         70        152          0          0        124   atan.o
       384         38          0          0          0        144   atan2.o
        42          0          0          0          0         84   atof.o
        26          6          0          0          0        204   dunder.o
        40          0          0          0          0         68   fpclassify.o
       170          0          0          0          0         96   poly.o
         0          0          8          0          0          0   qnan.o
        86          0          0          0          0          0   __dczerorl2.o
        28          0          0          0          0         68   _chval.o
        64          0          0          0          0         84   _sgetc.o
       158          0          0          0          0         92   _strtoul.o
        26          0          0          0          0         80   atoi.o
         8          4        133          0          0         68   ctype_o.o
         0          0          0          0          0          0   entry.o
         0          0          0          0          0          0   entry10a.o
         0          0          0          0          0          0   entry11a.o
         8          4          0          0          0          0   entry2.o
         4          0          0          0          0          0   entry5.o
         0          0          0          0          0          0   entry7b.o
         0          0          0          0          0          0   entry8b.o
         8          4          0          0          0          0   entry9a.o
        32         16          0          4          0        204   errno.o
        30          0          0          0          0          0   handlers.o
        36          8          0          0          0         68   init.o
        18          0          0          0          0         76   isspace_o.o
         0          0          0          0          0          0   iusefp.o
        30          0          0          0          0         68   llshl.o
        36          0          0          0          0         68   llsshr.o
        32          0          0          0          0         68   llushr.o
        36          0          0          0          0         68   memcpya.o
        36          0          0          0          0        108   memseta.o
      2344        102          0          0          0        684   printfa.o
       878         12          0          0          0        216   scanf_fp.o
         0          0          0          4          0          0   stdout.o
        28          0          0          0          0         76   strcmp.o
        18          0          0          0          0         68   strcpy.o
        14          0          0          0          0         68   strlen.o
       156         12          0          0          0        120   strtod.o
        68          6          0          4          0         80   strtok.o
       112          0          0          0          0         88   strtol.o
        44          0          0          0          0         80   uidiv.o
        98          0          0          0          0         92   uldiv.o
        48          0          0          0          0         68   cdrcmple.o
        20          0          0          0          0         68   cfcmple.o
        20          0          0          0          0         68   cfrcmple.o
        56          0          0          0          0         88   d2f.o
       334          0          0          0          0        148   dadd.o
       222          0          0          0          0        100   ddiv.o
       186          0          0          0          0        176   depilogue.o
        48          0          0          0          0         68   dfixul.o
        34          0          0          0          0         76   dflti.o
        24          0          0          0          0         76   dfltul.o
       228          0          0          0          0         96   dmul.o
        46          0          0          0          0         80   dscalb.o
        38          0          0          0          0         68   f2d.o
       176          0          0          0          0        140   fadd.o
       124          0          0          0          0         88   fdiv.o
       110          0          0          0          0        168   fepilogue.o
        50          0          0          0          0         68   ffixi.o
        18          0          0          0          0         68   fflti.o
       100          0          0          0          0         76   fmul.o
        24          0          0          0          0         68   fscalb.o

    ----------------------------------------------------------------------
      7560        282        296         12          0       5268   Library Totals
        12          0          3          0          0          0   (incl. Padding)

    ----------------------------------------------------------------------

      Code (inc. data)   RO Data    RW Data    ZI Data      Debug   Library Name

      1206        114        160          0          0        720   m_ws.l
      4436        168        133         12          0       2692   mc_w.l
      1906          0          0          0          0       1856   mf_w.l

    ----------------------------------------------------------------------
      7560        282        296         12          0       5268   Library Totals

    ----------------------------------------------------------------------

==============================================================================


      Code (inc. data)   RO Data    RW Data    ZI Data      Debug   

     28612       2002       3244        504      17000     748917   Grand Totals
     28612       2002       3244         76      17000     748917   ELF Image Totals (compressed)
     28612       2002       3244         76          0          0   ROM Totals

==============================================================================

    Total RO  Size (Code + RO Data)                31856 (  31.11kB)
    Total RW  Size (RW Data + ZI Data)             17504 (  17.09kB)
    Total ROM Size (Code + RO Data + RW Data)      31932 (  31.18kB)

==============================================================================

